Component: ARM Compiler 5.06 update 5 (build 528) Tool: armlink [4d35e2]

==============================================================================

Section Cross References

    main.o(i.blinkCallBack) refers to lpc17xx_gpio.o(i.GPIO_ReadValue) for GPIO_ReadValue
    main.o(i.blinkCallBack) refers to lpc17xx_gpio.o(i.GPIO_ClearValue) for GPIO_ClearValue
    main.o(i.blinkCallBack) refers to lpc17xx_gpio.o(i.GPIO_SetValue) for GPIO_SetValue
    main.o(i.funcaoUART) refers to queue.o(i.xQueueSemaphoreTake) for xQueueSemaphoreTake
    main.o(i.funcaoUART) refers to strlen.o(.text) for strlen
    main.o(i.funcaoUART) refers to lpc17xx_uart.o(i.UART_Send) for UART_Send
    main.o(i.funcaoUART) refers to queue.o(i.xQueueGenericSend) for xQueueGenericSend
    main.o(i.funcaoUART) refers to main.o(.data) for semaforoUART
    main.o(i.leCanalAD) refers to queue.o(i.xQueueSemaphoreTake) for xQueueSemaphoreTake
    main.o(i.leCanalAD) refers to lpc17xx_adc.o(i.ADC_ChannelCmd) for ADC_ChannelCmd
    main.o(i.leCanalAD) refers to lpc17xx_adc.o(i.ADC_StartCmd) for ADC_StartCmd
    main.o(i.leCanalAD) refers to lpc17xx_adc.o(i.ADC_ChannelGetStatus) for ADC_ChannelGetStatus
    main.o(i.leCanalAD) refers to lpc17xx_adc.o(i.ADC_ChannelGetData) for ADC_ChannelGetData
    main.o(i.leCanalAD) refers to queue.o(i.xQueueGenericSend) for xQueueGenericSend
    main.o(i.leCanalAD) refers to main.o(.data) for mutexADC
    main.o(i.main) refers to system_lpc17xx.o(i.SystemInit) for SystemInit
    main.o(i.main) refers to system_lpc17xx.o(i.SystemCoreClockUpdate) for SystemCoreClockUpdate
    main.o(i.main) refers to lpc17xx_gpio.o(i.GPIO_SetDir) for GPIO_SetDir
    main.o(i.main) refers to lpc17xx_uart.o(i.UART_FIFOConfigStructInit) for UART_FIFOConfigStructInit
    main.o(i.main) refers to lpc17xx_uart.o(i.UART_ConfigStructInit) for UART_ConfigStructInit
    main.o(i.main) refers to lpc17xx_uart.o(i.UART_Init) for UART_Init
    main.o(i.main) refers to lpc17xx_uart.o(i.UART_TxCmd) for UART_TxCmd
    main.o(i.main) refers to lpc17xx_pinsel.o(i.PINSEL_ConfigPin) for PINSEL_ConfigPin
    main.o(i.main) refers to lpc17xx_adc.o(i.ADC_Init) for ADC_Init
    main.o(i.main) refers to freertos_ip.o(i.FreeRTOS_IPInit) for FreeRTOS_IPInit
    main.o(i.main) refers to queue.o(i.xQueueGenericCreate) for xQueueGenericCreate
    main.o(i.main) refers to queue.o(i.xQueueCreateMutex) for xQueueCreateMutex
    main.o(i.main) refers to tasks.o(i.xTaskCreate) for xTaskCreate
    main.o(i.main) refers to tasks.o(i.vTaskStartScheduler) for vTaskStartScheduler
    main.o(i.main) refers to main.o(.data) for ucMACAddress
    main.o(i.main) refers to main.o(i.vTask1) for vTask1
    main.o(i.main) refers to main.o(i.vTaskbotao) for vTaskbotao
    main.o(i.main) refers to main.o(i.vTaskbotao1) for vTaskbotao1
    main.o(i.main) refers to main.o(i.vTaskMandaUART) for vTaskMandaUART
    main.o(i.main) refers to main.o(i.vTaskMandaUARTnotif) for vTaskMandaUARTnotif
    main.o(i.vApplicationStackOverflowHook) refers to strlen.o(.text) for strlen
    main.o(i.vApplicationStackOverflowHook) refers to lpc17xx_uart.o(i.UART_Send) for UART_Send
    main.o(i.vApplicationStackOverflowHook) refers to lpc17xx_gpio.o(i.GPIO_ReadValue) for GPIO_ReadValue
    main.o(i.vApplicationStackOverflowHook) refers to lpc17xx_gpio.o(i.GPIO_ClearValue) for GPIO_ClearValue
    main.o(i.vApplicationStackOverflowHook) refers to lpc17xx_gpio.o(i.GPIO_SetValue) for GPIO_SetValue
    main.o(i.vAssertCalled) refers to _printf_percent.o(.ARM.Collect$$_printf_percent$$00000000) for _printf_percent
    main.o(i.vAssertCalled) refers to _printf_u.o(.ARM.Collect$$_printf_percent$$0000000A) for _printf_u
    main.o(i.vAssertCalled) refers to _printf_s.o(.ARM.Collect$$_printf_percent$$00000014) for _printf_s
    main.o(i.vAssertCalled) refers to _printf_dec.o(.text) for _printf_int_dec
    main.o(i.vAssertCalled) refers to _printf_str.o(.text) for _printf_str
    main.o(i.vAssertCalled) refers to noretval__2sprintf.o(.text) for __2sprintf
    main.o(i.vAssertCalled) refers to strlen.o(.text) for strlen
    main.o(i.vAssertCalled) refers to lpc17xx_uart.o(i.UART_Send) for UART_Send
    main.o(i.vTask1) refers to _printf_percent.o(.ARM.Collect$$_printf_percent$$00000000) for _printf_percent
    main.o(i.vTask1) refers to _printf_d.o(.ARM.Collect$$_printf_percent$$00000009) for _printf_d
    main.o(i.vTask1) refers to _printf_dec.o(.text) for _printf_int_dec
    main.o(i.vTask1) refers to lpc17xx_gpio.o(i.GPIO_ReadValue) for GPIO_ReadValue
    main.o(i.vTask1) refers to lpc17xx_gpio.o(i.GPIO_ClearValue) for GPIO_ClearValue
    main.o(i.vTask1) refers to lpc17xx_gpio.o(i.GPIO_SetValue) for GPIO_SetValue
    main.o(i.vTask1) refers to main.o(i.leCanalAD) for leCanalAD
    main.o(i.vTask1) refers to noretval__2sprintf.o(.text) for __2sprintf
    main.o(i.vTask1) refers to main.o(i.funcaoUART) for funcaoUART
    main.o(i.vTask1) refers to tasks.o(i.vTaskDelay) for vTaskDelay
[...]
    ip                                       0x2007c004   Data           4  main.o(.data)
    mask                                     0x2007c008   Data           4  main.o(.data)
    gateway                                  0x2007c00c   Data           4  main.o(.data)
    dns                                      0x2007c010   Data           4  main.o(.data)
    mutexADC                                 0x2007c01c   Data           4  main.o(.data)
    .data                                    0x2007c030   Section        4  system_lpc17xx.o(.data)
    .data                                    0x2007c034   Section        4  port.o(.data)
    uxCriticalNesting                        0x2007c034   Data           4  port.o(.data)
    .data                                    0x2007c038   Section       60  tasks.o(.data)
    uxDeletedTasksWaitingCleanUp             0x2007c03c   Data           4  tasks.o(.data)
    uxCurrentNumberOfTasks                   0x2007c040   Data           4  tasks.o(.data)
    xTickCount                               0x2007c044   Data           4  tasks.o(.data)
    uxTopReadyPriority                       0x2007c048   Data           4  tasks.o(.data)
    xSchedulerRunning                        0x2007c04c   Data           4  tasks.o(.data)
    xPendedTicks                             0x2007c050   Data           4  tasks.o(.data)
    xYieldPending                            0x2007c054   Data           4  tasks.o(.data)
    xNumOfOverflows                          0x2007c058   Data           4  tasks.o(.data)
    uxTaskNumber                             0x2007c05c   Data           4  tasks.o(.data)
    xNextTaskUnblockTime                     0x2007c060   Data           4  tasks.o(.data)
    xIdleTaskHandle                          0x2007c064   Data           4  tasks.o(.data)
    uxSchedulerSuspended                     0x2007c068   Data           4  tasks.o(.data)
    pxDelayedTaskList                        0x2007c06c   Data           4  tasks.o(.data)
    pxOverflowDelayedTaskList                0x2007c070   Data           4  tasks.o(.data)
    .data                                    0x2007c074   Section       40  freertos_ip.o(.data)
    xNetworkDownEventPending                 0x2007c080   Data           4  freertos_ip.o(.data)
    xIPTaskHandle                            0x2007c084   Data           4  freertos_ip.o(.data)
    xProcessedTCPMessage                     0x2007c088   Data           4  freertos_ip.o(.data)
    xNetworkUp                               0x2007c08c   Data           4  freertos_ip.o(.data)
    xIPTaskInitialised                       0x2007c090   Data           4  freertos_ip.o(.data)
    xStart                                   0x2007c094   Data           4  freertos_ip.o(.data)
    xCallEventHook                           0x2007c098   Data           4  freertos_ip.o(.data)
    .data                                    0x2007c09c   Section       32  heap_4.o(.data)
    pxEnd                                    0x2007c09c   Data           4  heap_4.o(.data)
    xFreeBytesRemaining                      0x2007c0a0   Data           4  heap_4.o(.data)
    xMinimumEverFreeBytesRemaining           0x2007c0a4   Data           4  heap_4.o(.data)
    xNumberOfSuccessfulAllocations           0x2007c0a8   Data           4  heap_4.o(.data)
    xNumberOfSuccessfulFrees                 0x2007c0ac   Data           4  heap_4.o(.data)
    xBlockAllocatedBit                       0x2007c0b0   Data           4  heap_4.o(.data)
    xStart                                   0x2007c0b4   Data           8  heap_4.o(.data)
    .data                                    0x2007c0bc   Section       20  timers.o(.data)
    xTimerQueue                              0x2007c0bc   Data           4  timers.o(.data)
    xTimerTaskHandle                         0x2007c0c0   Data           4  timers.o(.data)
    xLastTime                                0x2007c0c4   Data           4  timers.o(.data)
    pxCurrentTimerList                       0x2007c0c8   Data           4  timers.o(.data)
    pxOverflowTimerList                      0x2007c0cc   Data           4  timers.o(.data)
    .data                                    0x2007c0d0   Section        4  freertos_arp.o(.data)
    xLastGratuitousARPTime                   0x2007c0d0   Data           4  freertos_arp.o(.data)
    .data                                    0x2007c0d4   Section        8  freertos_sockets.o(.data)
    usNextPortToUse                          0x2007c0d4   Data           4  freertos_sockets.o(.data)
    xLastTime                                0x2007c0d8   Data           4  freertos_sockets.o(.data)
    .data                                    0x2007c0dc   Section        4  freertos_tcp_ip.o(.data)
    .data                                    0x2007c0e0   Section       24  freertos_udp_ip.o(.data)
    .data                                    0x2007c0f8   Section        8  bufferallocation_2.o(.data)
    uxMinimumFreeNetworkBuffers              0x2007c0f8   Data           4  bufferallocation_2.o(.data)
    xNetworkBufferSemaphore                  0x2007c0fc   Data           4  bufferallocation_2.o(.data)
    .data                                    0x2007c100   Section        4  networkhal.o(.data)
    .data                                    0x2007c104   Section        4  freertos_tcp_win.o(.data)
    .bss                                     0x2007c108   Section      200  tasks.o(.bss)
    pxReadyTasksLists                        0x2007c108   Data         100  tasks.o(.bss)
    xDelayedTaskList1                        0x2007c16c   Data          20  tasks.o(.bss)
    xDelayedTaskList2                        0x2007c180   Data          20  tasks.o(.bss)
    xPendingReadyList                        0x2007c194   Data          20  tasks.o(.bss)
    xTasksWaitingTermination                 0x2007c1a8   Data          20  tasks.o(.bss)
    xSuspendedTaskList                       0x2007c1bc   Data          20  tasks.o(.bss)
    .bss                                     0x2007c1d0   Section       80  freertos_ip.o(.bss)
    xARPTimer                                0x2007c1f8   Data          20  freertos_ip.o(.bss)
    xTCPTimer                                0x2007c20c   Data          20  freertos_ip.o(.bss)
    .bss                                     0x2007c220   Section     1472  freertosappstaticalloc.o(.bss)
    xIdleTaskTCB                             0x2007c220   Data          80  freertosappstaticalloc.o(.bss)
    uxIdleTaskStack                          0x2007c270   Data         512  freertosappstaticalloc.o(.bss)
    xTimerTaskTCB                            0x2007c470   Data          80  freertosappstaticalloc.o(.bss)
    uxTimerTaskStack                         0x2007c4c0   Data         800  freertosappstaticalloc.o(.bss)
    .bss                                     0x2007c7e0   Section      400  timers.o(.bss)
    xStaticTimerQueue                        0x2007c7e0   Data          72  timers.o(.bss)
    ucStaticTimerQueueStorage                0x2007c828   Data         288  timers.o(.bss)
    xActiveTimerList1                        0x2007c948   Data          20  timers.o(.bss)
    xActiveTimerList2                        0x2007c95c   Data          20  timers.o(.bss)
    .bss                                     0x2007c970   Section       72  freertos_arp.o(.bss)
    xARPCache                                0x2007c970   Data          72  freertos_arp.o(.bss)
    .bss                                     0x2007c9b8   Section       40  freertos_sockets.o(.bss)
    .bss                                     0x2007c9e0   Section      200  bufferallocation_2.o(.bss)
    xFreeBuffersList                         0x2007c9e0   Data          20  bufferallocation_2.o(.bss)
    xNetworkBufferDescriptors                0x2007c9f4   Data         180  bufferallocation_2.o(.bss)
    .bss                                     0x2007caa8   Section     5476  lpc17xx_emac.o(.bss)
    Rx_Desc                                  0x2007caa8   Data          32  lpc17xx_emac.o(.bss)
    Rx_Stat                                  0x2007cac8   Data          32  lpc17xx_emac.o(.bss)
    Tx_Desc                                  0x2007cae8   Data          24  lpc17xx_emac.o(.bss)
    Tx_Stat                                  0x2007cb00   Data          12  lpc17xx_emac.o(.bss)
    rx_buf                                   0x2007cb0c   Data        3072  lpc17xx_emac.o(.bss)
    tx_buf                                   0x2007d70c   Data        2304  lpc17xx_emac.o(.bss)
    .bss                                     0x2007e00c   Section       96  libspace.o(.bss)
    HEAP                                     0x2007e070   Section        0  startup_mps_cm3.o(HEAP)
    STACK                                    0x2007e070   Section      512  startup_mps_cm3.o(STACK)
    Heap_Mem                                 0x2007e070   Data           0  startup_mps_cm3.o(HEAP)
    Stack_Mem                                0x2007e070   Data         512  startup_mps_cm3.o(STACK)
    __initial_sp                             0x2007e270   Data           0  startup_mps_cm3.o(STACK)

    Global Symbols

    Symbol Name                              Value     Ov Type        Size  Object(Section)

    BuildAttributes$$THM_ISAv4$P$D$K$B$S$PE$A:L22UL41UL21$X:L11$S22US41US21$IEEE1$IW$USESV6$~STKCKD$USESV7$~SHL$OTIME$ROPI$EBA8$UX$STANDARDLIB$REQ8$PRES8$EABIv2 0x00000000   Number         0  anon$$obj.o ABSOLUTE
    __ARM_use_no_argv                        0x00000000   Number         0  main.o ABSOLUTE
    __Vectors                                0x00000000   Data           4  startup_mps_cm3.o(RESET)
    __ARM_exceptions_init                     - Undefined Weak Reference
    __alloca_initialize                       - Undefined Weak Reference
    __arm_preinit_                            - Undefined Weak Reference
    __cpp_initialize__aeabi_                  - Undefined Weak Reference
    __cxa_finalize                            - Undefined Weak Reference
    __rt_locale                               - Undefined Weak Reference
    __sigvec_lookup                           - Undefined Weak Reference
    _atexit_init                              - Undefined Weak Reference
    _call_atexit_fns                          - Undefined Weak Reference
    _clock_init                               - Undefined Weak Reference
    _fp_trap_init                             - Undefined Weak Reference
    _fp_trap_shutdown                         - Undefined Weak Reference
    _get_lc_collate                           - Undefined Weak Reference
    _get_lc_ctype                             - Undefined Weak Reference
    _get_lc_monetary                          - Undefined Weak Reference
    _get_lc_numeric                           - Undefined Weak Reference
    _get_lc_time                              - Undefined Weak Reference
    _getenv_init                              - Undefined Weak Reference
    _handle_redirection                       - Undefined Weak Reference
    _init_alloc                               - Undefined Weak Reference
    _init_user_alloc                          - Undefined Weak Reference
    _initio                                   - Undefined Weak Reference
    _printf_mbtowc                            - Undefined Weak Reference
    _printf_post_padding                      - Undefined Weak Reference
    _printf_pre_padding                       - Undefined Weak Reference
    _printf_truncate_signed                   - Undefined Weak Reference
    _printf_truncate_unsigned                 - Undefined Weak Reference
    _rand_init                                - Undefined Weak Reference
    _signal_finish                            - Undefined Weak Reference
    _signal_init                              - Undefined Weak Reference
    _terminate_alloc                          - Undefined Weak Reference
    _terminate_user_alloc                     - Undefined Weak Reference
    _terminateio                              - Undefined Weak Reference
    __main                                   0x000000cd   Thumb Code     8  __main.o(!!!main)
    __scatterload                            0x000000d5   Thumb Code     0  __scatter.o(!!!scatter)
    __scatterload_rt2                        0x000000d5   Thumb Code    44  __scatter.o(!!!scatter)
    __scatterload_rt2_thumb_only             0x000000d5   Thumb Code     0  __scatter.o(!!!scatter)
    __scatterload_null                       0x000000e3   Thumb Code     0  __scatter.o(!!!scatter)
    __scatterload_copy                       0x00000109   Thumb Code    26  __scatter_copy.o(!!handler_copy)
    __scatterload_zeroinit                   0x00000125   Thumb Code    28  __scatter_zi.o(!!handler_zi)
    _printf_d                                0x00000141   Thumb Code     0  _printf_d.o(.ARM.Collect$$_printf_percent$$00000009)
    _printf_percent                          0x00000141   Thumb Code     0  _printf_percent.o(.ARM.Collect$$_printf_percent$$00000000)
    _printf_percent_end                      0x00000147   Thumb Code     0  _printf_percent_end.o(.ARM.Collect$$_printf_percent$$00000017)
    __rt_lib_init                            0x0000014b   Thumb Code     0  libinit.o(.ARM.Collect$$libinit$$00000000)
    __rt_lib_init_alloca_1                   0x0000014d   Thumb Code     0  libinit2.o(.ARM.Collect$$libinit$$0000002E)
    __rt_lib_init_argv_1                     0x0000014d   Thumb Code     0  libinit2.o(.ARM.Collect$$libinit$$0000002C)
    __rt_lib_init_atexit_1                   0x0000014d   Thumb Code     0  libinit2.o(.ARM.Collect$$libinit$$0000001B)
    __rt_lib_init_clock_1                    0x0000014d   Thumb Code     0  libinit2.o(.ARM.Collect$$libinit$$00000021)
    __rt_lib_init_cpp_1                      0x0000014d   Thumb Code     0  libinit2.o(.ARM.Collect$$libinit$$00000032)
    __rt_lib_init_exceptions_1               0x0000014d   Thumb Code     0  libinit2.o(.ARM.Collect$$libinit$$00000030)
    __rt_lib_init_fp_1                       0x0000014d   Thumb Code     0  libinit2.o(.ARM.Collect$$libinit$$00000002)
    __rt_lib_init_fp_trap_1                  0x0000014d   Thumb Code     0  libinit2.o(.ARM.Collect$$libinit$$0000001F)
    __rt_lib_init_getenv_1                   0x0000014d   Thumb Code     0  libinit2.o(.ARM.Collect$$libinit$$00000023)
    __rt_lib_init_heap_1                     0x0000014d   Thumb Code     0  libinit2.o(.ARM.Collect$$libinit$$0000000A)
    __rt_lib_init_lc_collate_1               0x0000014d   Thumb Code     0  libinit2.o(.ARM.Collect$$libinit$$00000011)
    __rt_lib_init_lc_ctype_1                 0x0000014d   Thumb Code     0  libinit2.o(.ARM.Collect$$libinit$$00000013)
    __rt_lib_init_lc_monetary_1              0x0000014d   Thumb Code     0  libinit2.o(.ARM.Collect$$libinit$$00000015)
    __rt_lib_init_lc_numeric_1               0x0000014d   Thumb Code     0  libinit2.o(.ARM.Collect$$libinit$$00000017)
    __rt_lib_init_lc_time_1                  0x0000014d   Thumb Code     0  libinit2.o(.ARM.Collect$$libinit$$00000019)
    __rt_lib_init_preinit_1                  0x0000014d   Thumb Code     0  libinit2.o(.ARM.Collect$$libinit$$00000004)
    __rt_lib_init_rand_1                     0x0000014d   Thumb Code     0  libinit2.o(.ARM.Collect$$libinit$$0000000E)
    __rt_lib_init_return                     0x0000014d   Thumb Code     0  libinit2.o(.ARM.Collect$$libinit$$00000033)
    __rt_lib_init_signal_1                   0x0000014d   Thumb Code     0  libinit2.o(.ARM.Collect$$libinit$$0000001D)
    __rt_lib_init_stdio_1                    0x0000014d   Thumb Code     0  libinit2.o(.ARM.Collect$$libinit$$00000025)
    __rt_lib_init_user_alloc_1               0x0000014d   Thumb Code     0  libinit2.o(.ARM.Collect$$libinit$$0000000C)
    __rt_lib_shutdown                        0x0000014f   Thumb Code     0  libshutdown.o(.ARM.Collect$$libshutdown$$00000000)
    __rt_lib_shutdown_cpp_1                  0x00000151   Thumb Code     0  libshutdown2.o(.ARM.Collect$$libshutdown$$00000002)
    __rt_lib_shutdown_fp_trap_1              0x00000151   Thumb Code     0  libshutdown2.o(.ARM.Collect$$libshutdown$$00000007)
    __rt_lib_shutdown_heap_1                 0x00000151   Thumb Code     0  libshutdown2.o(.ARM.Collect$$libshutdown$$0000000F)
    __rt_lib_shutdown_return                 0x00000151   Thumb Code     0  libshutdown2.o(.ARM.Collect$$libshutdown$$00000010)
    __rt_lib_shutdown_signal_1               0x00000151   Thumb Code     0  libshutdown2.o(.ARM.Collect$$libshutdown$$0000000A)
    __rt_lib_shutdown_stdio_1                0x00000151   Thumb Code     0  libshutdown2.o(.ARM.Collect$$libshutdown$$00000004)
    __rt_lib_shutdown_user_alloc_1           0x00000151   Thumb Code     0  libshutdown2.o(.ARM.Collect$$libshutdown$$0000000C)
    __rt_entry                               0x00000153   Thumb Code     0  __rtentry.o(.ARM.Collect$$rtentry$$00000000)
    __rt_entry_presh_1                       0x00000153   Thumb Code     0  __rtentry2.o(.ARM.Collect$$rtentry$$00000002)
    __rt_entry_sh                            0x00000153   Thumb Code     0  __rtentry4.o(.ARM.Collect$$rtentry$$00000004)
    __rt_entry_li                            0x00000159   Thumb Code     0  __rtentry2.o(.ARM.Collect$$rtentry$$0000000A)
    __rt_entry_postsh_1                      0x00000159   Thumb Code     0  __rtentry2.o(.ARM.Collect$$rtentry$$00000009)
    __rt_entry_main                          0x0000015d   Thumb Code     0  __rtentry2.o(.ARM.Collect$$rtentry$$0000000D)
    __rt_entry_postli_1                      0x0000015d   Thumb Code     0  __rtentry2.o(.ARM.Collect$$rtentry$$0000000C)
    __rt_exit                                0x00000165   Thumb Code     0  rtexit.o(.ARM.Collect$$rtexit$$00000000)
    __rt_exit_ls                             0x00000167   Thumb Code     0  rtexit2.o(.ARM.Collect$$rtexit$$00000003)
    __rt_exit_prels_1                        0x00000167   Thumb Code     0  rtexit2.o(.ARM.Collect$$rtexit$$00000002)
    __rt_exit_exit                           0x0000016b   Thumb Code     0  rtexit2.o(.ARM.Collect$$rtexit$$00000004)
    vPortSVCHandler                          0x00000171   Thumb Code    32  port.o(.emb_text)
    __asm___6_port_c_39a90d8d__prvStartFirstTask 0x00000195   Thumb Code    28  port.o(.emb_text)
    xPortPendSVHandler                       0x000001b5   Thumb Code    72  port.o(.emb_text)
    vPortGetIPSR                             0x00000201   Thumb Code     6  port.o(.emb_text)
    Reset_Handler                            0x00000209   Thumb Code     4  startup_mps_cm3.o(.text)
    NMI_Handler                              0x0000020d   Thumb Code     2  startup_mps_cm3.o(.text)
    HardFault_Handler                        0x0000020f   Thumb Code     2  startup_mps_cm3.o(.text)
    MemManage_Handler                        0x00000211   Thumb Code     2  startup_mps_cm3.o(.text)
    BusFault_Handler                         0x00000213   Thumb Code     2  startup_mps_cm3.o(.text)
    UsageFault_Handler                       0x00000215   Thumb Code     2  startup_mps_cm3.o(.text)
    SVC_Handler                              0x00000217   Thumb Code     2  startup_mps_cm3.o(.text)
    DebugMon_Handler                         0x00000219   Thumb Code     2  startup_mps_cm3.o(.text)
    PendSV_Handler                           0x0000021b   Thumb Code     2  startup_mps_cm3.o(.text)
    SysTick_Handler                          0x0000021d   Thumb Code     2  startup_mps_cm3.o(.text)
    ADC_IRQHandler                           0x0000021f   Thumb Code     0  startup_mps_cm3.o(.text)
    BOD_IRQHandler                           0x0000021f   Thumb Code     0  startup_mps_cm3.o(.text)
    CANActivity_IRQHandler                   0x0000021f   Thumb Code     0  startup_mps_cm3.o(.text)
    CAN_IRQHandler                           0x0000021f   Thumb Code     0  startup_mps_cm3.o(.text)
    DMA_IRQHandler                           0x0000021f   Thumb Code     0  startup_mps_cm3.o(.text)
    EINT0_IRQHandler                         0x0000021f   Thumb Code     0  startup_mps_cm3.o(.text)
    EINT1_IRQHandler                         0x0000021f   Thumb Code     0  startup_mps_cm3.o(.text)
    EINT2_IRQHandler                         0x0000021f   Thumb Code     0  startup_mps_cm3.o(.text)
    EINT3_IRQHandler                         0x0000021f   Thumb Code     0  startup_mps_cm3.o(.text)
    I2C0_IRQHandler                          0x0000021f   Thumb Code     0  startup_mps_cm3.o(.text)
    I2C1_IRQHandler                          0x0000021f   Thumb Code     0  startup_mps_cm3.o(.text)
    I2C2_IRQHandler                          0x0000021f   Thumb Code     0  startup_mps_cm3.o(.text)
    I2S_IRQHandler                           0x0000021f   Thumb Code     0  startup_mps_cm3.o(.text)
    MCPWM_IRQHandler                         0x0000021f   Thumb Code     0  startup_mps_cm3.o(.text)
    PLL0_IRQHandler                          0x0000021f   Thumb Code     0  startup_mps_cm3.o(.text)
    PLL1_IRQHandler                          0x0000021f   Thumb Code     0  startup_mps_cm3.o(.text)
    PWM1_IRQHandler                          0x0000021f   Thumb Code     0  startup_mps_cm3.o(.text)
    QEI_IRQHandler                           0x0000021f   Thumb Code     0  startup_mps_cm3.o(.text)
    RIT_IRQHandler                           0x0000021f   Thumb Code     0  startup_mps_cm3.o(.text)
    RTC_IRQHandler                           0x0000021f   Thumb Code     0  startup_mps_cm3.o(.text)
    SPI_IRQHandler                           0x0000021f   Thumb Code     0  startup_mps_cm3.o(.text)
    SSP0_IRQHandler                          0x0000021f   Thumb Code     0  startup_mps_cm3.o(.text)
    SSP1_IRQHandler                          0x0000021f   Thumb Code     0  startup_mps_cm3.o(.text)
    TIMER0_IRQHandler                        0x0000021f   Thumb Code     0  startup_mps_cm3.o(.text)
    TIMER1_IRQHandler                        0x0000021f   Thumb Code     0  startup_mps_cm3.o(.text)
    TIMER2_IRQHandler                        0x0000021f   Thumb Code     0  startup_mps_cm3.o(.text)
    TIMER3_IRQHandler                        0x0000021f   Thumb Code     0  startup_mps_cm3.o(.text)
    UART0_IRQHandler                         0x0000021f   Thumb Code     0  startup_mps_cm3.o(.text)
    UART1_IRQHandler                         0x0000021f   Thumb Code     0  startup_mps_cm3.o(.text)
    UART2_IRQHandler                         0x0000021f   Thumb Code     0  startup_mps_cm3.o(.text)
    UART3_IRQHandler                         0x0000021f   Thumb Code     0  startup_mps_cm3.o(.text)
    USBActivity_IRQHandler                   0x0000021f   Thumb Code     0  startup_mps_cm3.o(.text)
    USB_IRQHandler                           0x0000021f   Thumb Code     0  startup_mps_cm3.o(.text)
    WDT_IRQHandler                           0x0000021f   Thumb Code     0  startup_mps_cm3.o(.text)
    __user_initial_stackheap                 0x00000221   Thumb Code     0  startup_mps_cm3.o(.text)
    __aeabi_uldivmod                         0x0000023d   Thumb Code     0  lludivv7m.o(.text)
    _ll_udiv                                 0x0000023d   Thumb Code   238  lludivv7m.o(.text)
    __2sprintf                               0x0000032d   Thumb Code    34  noretval__2sprintf.o(.text)
    __printf                                 0x00000355   Thumb Code   104  __printf.o(.text)
    _printf_int_dec                          0x000003bd   Thumb Code   104  _printf_dec.o(.text)
    memcmp                                   0x00000435   Thumb Code    88  memcmp.o(.text)
    strcpy                                   0x0000048d   Thumb Code    72  strcpy.o(.text)
    strlen                                   0x000004d5   Thumb Code    62  strlen.o(.text)
    __aeabi_memcpy                           0x00000513   Thumb Code     0  rt_memcpy_v6.o(.text)
    __rt_memcpy                              0x00000513   Thumb Code   138  rt_memcpy_v6.o(.text)
    _memcpy_lastbytes                        0x00000579   Thumb Code     0  rt_memcpy_v6.o(.text)
    __aeabi_memmove                          0x0000059d   Thumb Code     0  rt_memmove_v6.o(.text)
    __rt_memmove                             0x0000059d   Thumb Code   132  rt_memmove_v6.o(.text)
    __memmove_lastfew                        0x000005fd   Thumb Code     0  rt_memmove_v6.o(.text)
    __aeabi_memcpy4                          0x00000621   Thumb Code     0  rt_memcpy_w.o(.text)
    __aeabi_memcpy8                          0x00000621   Thumb Code     0  rt_memcpy_w.o(.text)
    __rt_memcpy_w                            0x00000621   Thumb Code   100  rt_memcpy_w.o(.text)
    _memcpy_lastbytes_aligned                0x00000669   Thumb Code     0  rt_memcpy_w.o(.text)
    __aeabi_memset                           0x00000685   Thumb Code    16  aeabi_memset.o(.text)
    __aeabi_memclr4                          0x00000695   Thumb Code     0  rt_memclr_w.o(.text)
    __aeabi_memclr8                          0x00000695   Thumb Code     0  rt_memclr_w.o(.text)
    __rt_memclr_w                            0x00000695   Thumb Code    78  rt_memclr_w.o(.text)
    _memset_w                                0x00000699   Thumb Code     0  rt_memclr_w.o(.text)
    __use_two_region_memory                  0x000006e3   Thumb Code     2  heapauxi.o(.text)
    __rt_heap_escrow$2region                 0x000006e5   Thumb Code     2  heapauxi.o(.text)
    __rt_heap_expand$2region                 0x000006e7   Thumb Code     2  heapauxi.o(.text)
    _printf_int_common                       0x000006e9   Thumb Code   178  _printf_intcommon.o(.text)
    _printf_char_common                      0x000007a7   Thumb Code    32  _printf_char_common.o(.text)
    _sputc                                   0x000007cd   Thumb Code    10  _sputc.o(.text)
    __aeabi_memmove4                         0x000007d7   Thumb Code     0  rt_memmove_w.o(.text)
    __aeabi_memmove8                         0x000007d7   Thumb Code     0  rt_memmove_w.o(.text)
    __rt_memmove_w                           0x000007d7   Thumb Code   122  rt_memmove_w.o(.text)
    __memmove_aligned                        0x000007fd   Thumb Code     0  rt_memmove_w.o(.text)
    __memmove_lastfew_aligned                0x00000835   Thumb Code     0  rt_memmove_w.o(.text)
    __aeabi_memclr                           0x00000851   Thumb Code     0  rt_memclr.o(.text)
    __rt_memclr                              0x00000851   Thumb Code    68  rt_memclr.o(.text)
    _memset                                  0x00000855   Thumb Code     0  rt_memclr.o(.text)
    __user_setup_stackheap                   0x00000895   Thumb Code    74  sys_stackheap_outer.o(.text)
    exit                                     0x000008df   Thumb Code    18  exit.o(.text)
    __user_libspace                          0x000008f1   Thumb Code     8  libspace.o(.text)
    __user_perproc_libspace                  0x000008f1   Thumb Code     0  libspace.o(.text)
    __user_perthread_libspace                0x000008f1   Thumb Code     0  libspace.o(.text)
    _sys_exit                                0x000008f9   Thumb Code     8  sys_exit.o(.text)
    __I$use$semihosting                      0x00000905   Thumb Code     0  use_no_semi.o(.text)
    __use_no_semihosting_swi                 0x00000905   Thumb Code     2  use_no_semi.o(.text)
    __semihosting_library_function           0x00000907   Thumb Code     0  indicate_semi.o(.text)
    ADC_ChannelCmd                           0x00000909   Thumb Code    46  lpc17xx_adc.o(i.ADC_ChannelCmd)
    ADC_ChannelGetData                       0x0000095d   Thumb Code    38  lpc17xx_adc.o(i.ADC_ChannelGetData)
    ADC_ChannelGetStatus                     0x000009a9   Thumb Code    72  lpc17xx_adc.o(i.ADC_ChannelGetStatus)
    ADC_Init                                 0x00000a15   Thumb Code    86  lpc17xx_adc.o(i.ADC_Init)
    ADC_StartCmd                             0x00000a95   Thumb Code    84  lpc17xx_adc.o(i.ADC_StartCmd)
    CLKPWR_ConfigPPWR                        0x00000b0d   Thumb Code    40  lpc17xx_clkpwr.o(i.CLKPWR_ConfigPPWR)
    CLKPWR_GetPCLK                           0x00000b3d   Thumb Code    54  lpc17xx_clkpwr.o(i.CLKPWR_GetPCLK)
    EMAC_CheckReceiveDataStatus              0x00000b7d   Thumb Code    24  lpc17xx_emac.o(i.EMAC_CheckReceiveDataStatus)
    EMAC_CheckReceiveIndex                   0x00000b9d   Thumb Code    24  lpc17xx_emac.o(i.EMAC_CheckReceiveIndex)
    EMAC_CheckTransmitIndex                  0x00000bb9   Thumb Code    26  lpc17xx_emac.o(i.EMAC_CheckTransmitIndex)
    EMAC_GetReceiveDataSize                  0x00000bd9   Thumb Code    16  lpc17xx_emac.o(i.EMAC_GetReceiveDataSize)
    EMAC_Init                                0x00000bf1   Thumb Code   290  lpc17xx_emac.o(i.EMAC_Init)
    EMAC_ReadPacketBuffer                    0x00000d2d   Thumb Code    38  lpc17xx_emac.o(i.EMAC_ReadPacketBuffer)
    EMAC_SetPHYMode                          0x00000d5d   Thumb Code   184  lpc17xx_emac.o(i.EMAC_SetPHYMode)
    EMAC_UpdatePHYStatus                     0x00000e19   Thumb Code   118  lpc17xx_emac.o(i.EMAC_UpdatePHYStatus)
    EMAC_UpdateRxConsumeIndex                0x00000e95   Thumb Code    20  lpc17xx_emac.o(i.EMAC_UpdateRxConsumeIndex)
    EMAC_UpdateTxProduceIndex                0x00000ead   Thumb Code    20  lpc17xx_emac.o(i.EMAC_UpdateTxProduceIndex)
    EMAC_WritePacketBuffer                   0x00000ec5   Thumb Code    50  lpc17xx_emac.o(i.EMAC_WritePacketBuffer)
    ENET_IRQHandler                          0x00000f01   Thumb Code    80  networkhal.o(i.ENET_IRQHandler)
    FreeRTOS_IPInit                          0x00000f5d   Thumb Code   254  freertos_ip.o(i.FreeRTOS_IPInit)
    FreeRTOS_NetworkDown                     0x0000107d   Thumb Code    32  freertos_ip.o(i.FreeRTOS_NetworkDown)
    FreeRTOS_OutputARPRequest                0x000010a5   Thumb Code    34  freertos_arp.o(i.FreeRTOS_OutputARPRequest)
    FreeRTOS_closesocket                     0x000010c7   Thumb Code    48  freertos_sockets.o(i.FreeRTOS_closesocket)
    FreeRTOS_socket                          0x000010f7   Thumb Code   150  freertos_sockets.o(i.FreeRTOS_socket)
    GPIO_ClearValue                          0x0000118d   Thumb Code    38  lpc17xx_gpio.o(i.GPIO_ClearValue)
    GPIO_ReadValue                           0x000011c9   Thumb Code    40  lpc17xx_gpio.o(i.GPIO_ReadValue)
    GPIO_SetDir                              0x00001205   Thumb Code    50  lpc17xx_gpio.o(i.GPIO_SetDir)
    GPIO_SetValue                            0x0000124d   Thumb Code    38  lpc17xx_gpio.o(i.GPIO_SetValue)
    PINSEL_ConfigPin                         0x0000131d   Thumb Code   128  lpc17xx_pinsel.o(i.PINSEL_ConfigPin)
    SystemCoreClockUpdate                    0x000013c9   Thumb Code   300  system_lpc17xx.o(i.SystemCoreClockUpdate)
    SystemInit                               0x00001505   Thumb Code   298  system_lpc17xx.o(i.SystemInit)
    UART_ConfigStructInit                    0x00001645   Thumb Code    18  lpc17xx_uart.o(i.UART_ConfigStructInit)
    UART_FIFOConfigStructInit                0x00001657   Thumb Code    14  lpc17xx_uart.o(i.UART_FIFOConfigStructInit)
    UART_Init                                0x00001665   Thumb Code   726  lpc17xx_uart.o(i.UART_Init)
    UART_Send                                0x0000196d   Thumb Code   250  lpc17xx_uart.o(i.UART_Send)
    UART_TxCmd                               0x00001a75   Thumb Code   100  lpc17xx_uart.o(i.UART_TxCmd)
    check_failed                             0x00001b01   Thumb Code     2  lpc17xx_libcfg_default.o(i.check_failed)
    eARPGetCacheEntry                        0x00001b05   Thumb Code   108  freertos_arp.o(i.eARPGetCacheEntry)
    eARPProcessPacket                        0x00001b7d   Thumb Code   162  freertos_arp.o(i.eARPProcessPacket)
    eConsiderFrameForProcessing              0x00001c29   Thumb Code    66  freertos_ip.o(i.eConsiderFrameForProcessing)
    lStreamBufferAdd                         0x00001cb5   Thumb Code   240  freertos_stream_buffer.o(i.lStreamBufferAdd)
    lStreamBufferGet                         0x00001ddb   Thumb Code   170  freertos_stream_buffer.o(i.lStreamBufferGet)
    lTCPAddRxdata                            0x00001ec5   Thumb Code   122  freertos_sockets.o(i.lTCPAddRxdata)
    lTCPWindowRxCheck                        0x00001f3f   Thumb Code    30  freertos_tcp_win.o(i.lTCPWindowRxCheck)
    lTCPWindowTxAdd                          0x00001f5d   Thumb Code   122  freertos_tcp_win.o(i.lTCPWindowTxAdd)
    leCanalAD                                0x00001fdd   Thumb Code    88  main.o(i.leCanalAD)
    main                                     0x0000203d   Thumb Code   340  main.o(i.main)
    pvPortMalloc                             0x00004219   Thumb Code   318  heap_4.o(i.pvPortMalloc)
    pvTaskIncrementMutexHeldCount            0x00004365   Thumb Code    18  tasks.o(i.pvTaskIncrementMutexHeldCount)
    pxGetNetworkBufferWithDescriptor         0x0000437d   Thumb Code   112  bufferallocation_2.o(i.pxGetNetworkBufferWithDescriptor)
    pxPortInitialiseStack                    0x00004429   Thumb Code    30  port.o(i.pxPortInitialiseStack)
    pxTCPSocketLookup                        0x0000444d   Thumb Code    80  freertos_sockets.o(i.pxTCPSocketLookup)
    pxUDPSocketLookup                        0x000044a1   Thumb Code    24  freertos_sockets.o(i.pxUDPSocketLookup)
    setEthernetPins                          0x00004591   Thumb Code   362  networkhal.o(i.setEthernetPins)
    ulDNSHandlePacket                        0x00004759   Thumb Code    24  freertos_dns.o(i.ulDNSHandlePacket)
    ulTCPWindowTxAck                         0x00004771   Thumb Code    82  freertos_tcp_win.o(i.ulTCPWindowTxAck)
    ulTCPWindowTxGet                         0x000047c9   Thumb Code   100  freertos_tcp_win.o(i.ulTCPWindowTxGet)
    ulTaskNotifyTake                         0x0000482d   Thumb Code    98  tasks.o(i.ulTaskNotifyTake)
    usGenerateChecksum                       0x000048a7   Thumb Code   350  freertos_ip.o(i.usGenerateChecksum)
    usGenerateProtocolChecksum               0x00004a05   Thumb Code   216  freertos_ip.o(i.usGenerateProtocolChecksum)
    uxListRemove                             0x00004add   Thumb Code    38  list.o(i.uxListRemove)
    uxQueueMessagesWaiting                   0x00004b03   Thumb Code    18  queue.o(i.uxQueueMessagesWaiting)
    vARPAgeCache                             0x00004b15   Thumb Code   174  freertos_arp.o(i.vARPAgeCache)
    vARPGenerateRequestPacket                0x00004bd1   Thumb Code    62  freertos_arp.o(i.vARPGenerateRequestPacket)
    vARPRefreshCacheEntry                    0x00004c19   Thumb Code   330  freertos_arp.o(i.vARPRefreshCacheEntry)
    vApplicationGetIdleTaskMemory            0x00004d71   Thumb Code    16  freertosappstaticalloc.o(i.vApplicationGetIdleTaskMemory)
    vApplicationGetTimerTaskMemory           0x00004d85   Thumb Code    16  freertosappstaticalloc.o(i.vApplicationGetTimerTaskMemory)
    vApplicationIPNetworkEventHook           0x00004d99   Thumb Code     2  main.o(i.vApplicationIPNetworkEventHook)
    vApplicationStackOverflowHook            0x00004d9d   Thumb Code    90  main.o(i.vApplicationStackOverflowHook)
    vEventGroupDelete                        0x00004e01   Thumb Code    52  event_groups.o(i.vEventGroupDelete)
    vIPNetworkUpCalls                        0x00004e35   Thumb Code    26  freertos_ip.o(i.vIPNetworkUpCalls)
    vListInitialise                          0x00004e59   Thumb Code    22  list.o(i.vListInitialise)
    vListInitialiseItem                      0x00004e6f   Thumb Code     6  list.o(i.vListInitialiseItem)
    vListInsert                              0x00004e75   Thumb Code    58  list.o(i.vListInsert)
    vListInsertEnd                           0x00004eaf   Thumb Code    24  list.o(i.vListInsertEnd)
    vNetworkSocketsInit                      0x00004ec9   Thumb Code    38  freertos_sockets.o(i.vNetworkSocketsInit)
    vPortEnterCritical                       0x00004f01   Thumb Code    24  port.o(i.vPortEnterCritical)
    vPortExitCritical                        0x00004f1d   Thumb Code    20  port.o(i.vPortExitCritical)
    vPortFree                                0x00004f35   Thumb Code   134  heap_4.o(i.vPortFree)
    vPortSetupTimerInterrupt                 0x00004fc5   Thumb Code    32  port.o(i.vPortSetupTimerInterrupt)
    vProcessGeneratedUDPPacket               0x00004fe9   Thumb Code   214  freertos_udp_ip.o(i.vProcessGeneratedUDPPacket)
    vQueueDelete                             0x000050c5   Thumb Code    14  queue.o(i.vQueueDelete)
    vQueueWaitForMessageRestricted           0x000050d3   Thumb Code    74  queue.o(i.vQueueWaitForMessageRestricted)
    vReleaseNetworkBuffer                    0x0000511d   Thumb Code    16  bufferallocation_2.o(i.vReleaseNetworkBuffer)
    vReleaseNetworkBufferAndDescriptor       0x0000512d   Thumb Code    66  bufferallocation_2.o(i.vReleaseNetworkBufferAndDescriptor)
    vReturnEthernetFrame                     0x00005179   Thumb Code    40  freertos_ip.o(i.vReturnEthernetFrame)
    vSocketBind                              0x000051a5   Thumb Code   126  freertos_sockets.o(i.vSocketBind)
    vSocketClose                             0x0000522d   Thumb Code   110  freertos_sockets.o(i.vSocketClose)
    vTCPStateChange                          0x0000529b   Thumb Code   216  freertos_tcp_ip.o(i.vTCPStateChange)
    vTCPWindowCreate                         0x00005381   Thumb Code    46  freertos_tcp_win.o(i.vTCPWindowCreate)
    vTCPWindowInit                           0x000053b5   Thumb Code    90  freertos_tcp_win.o(i.vTCPWindowInit)
    vTaskDelay                               0x00005461   Thumb Code    46  tasks.o(i.vTaskDelay)
    vTaskInternalSetTimeOutState             0x00005499   Thumb Code    12  tasks.o(i.vTaskInternalSetTimeOutState)
    vTaskMissedYield                         0x00005525   Thumb Code     8  tasks.o(i.vTaskMissedYield)
    vTaskPlaceOnEventList                    0x00005531   Thumb Code    28  tasks.o(i.vTaskPlaceOnEventList)
    vTaskPlaceOnEventListRestricted          0x00005551   Thumb Code    42  tasks.o(i.vTaskPlaceOnEventListRestricted)
    vTaskPriorityDisinheritAfterTimeout      0x00005581   Thumb Code   122  tasks.o(i.vTaskPriorityDisinheritAfterTimeout)
    vTaskRemoveFromUnorderedEventList        0x00005605   Thumb Code    66  tasks.o(i.vTaskRemoveFromUnorderedEventList)
    vTaskResume                              0x00005651   Thumb Code   106  tasks.o(i.vTaskResume)
    vTaskSetTimeOutState                     0x000056cd   Thumb Code    26  tasks.o(i.vTaskSetTimeOutState)
    vTaskStartScheduler                      0x000056ed   Thumb Code   248  tasks.o(i.vTaskStartScheduler)
    vTaskSuspend                             0x000057f5   Thumb Code   290  tasks.o(i.vTaskSuspend)
    vTaskSuspendAll                          0x00005929   Thumb Code    10  tasks.o(i.vTaskSuspendAll)
    vTaskSwitchContext                       0x00005939   Thumb Code   112  tasks.o(i.vTaskSwitchContext)
    vWakeUpSocketUser                        0x00005a41   Thumb Code    26  freertos_sockets.o(i.vWakeUpSocketUser)
    xEventGroupCreate                        0x00005a91   Thumb Code    28  event_groups.o(i.xEventGroupCreate)
    xEventGroupSetBits                       0x00005aad   Thumb Code   108  event_groups.o(i.xEventGroupSetBits)
    xIPIsNetworkTaskReady                    0x00005b19   Thumb Code     6  freertos_ip.o(i.xIPIsNetworkTaskReady)
    xIsCallingFromIPTask                     0x00005b25   Thumb Code    24  freertos_ip.o(i.xIsCallingFromIPTask)
    xNetworkBuffersInitialise                0x00005b41   Thumb Code   126  bufferallocation_2.o(i.xNetworkBuffersInitialise)
    xNetworkInterfaceInitialise              0x00005bd1   Thumb Code    20  networkhal.o(i.xNetworkInterfaceInitialise)
    xNetworkInterfaceOutput                  0x00005be5   Thumb Code    26  networkhal.o(i.xNetworkInterfaceOutput)
    xPortStartScheduler                      0x00005c01   Thumb Code    38  port.o(i.xPortStartScheduler)
    xPortSysTickHandler                      0x00005c31   Thumb Code    38  port.o(i.xPortSysTickHandler)
    xProcessReceivedTCPPacket                0x00005c5d   Thumb Code   358  freertos_tcp_ip.o(i.xProcessReceivedTCPPacket)
    xProcessReceivedUDPPacket                0x00005dc3   Thumb Code   126  freertos_udp_ip.o(i.xProcessReceivedUDPPacket)
    xQueueCreateCountingSemaphore            0x00005e41   Thumb Code    20  queue.o(i.xQueueCreateCountingSemaphore)
    xQueueCreateMutex                        0x00005e55   Thumb Code    36  queue.o(i.xQueueCreateMutex)
    xQueueGenericCreate                      0x00005e79   Thumb Code   112  queue.o(i.xQueueGenericCreate)
    xQueueGenericCreateStatic                0x00005ee9   Thumb Code    98  queue.o(i.xQueueGenericCreateStatic)
    xQueueGenericSend                        0x00005f4d   Thumb Code   364  queue.o(i.xQueueGenericSend)
    xQueueGiveFromISR                        0x000060bd   Thumb Code    84  queue.o(i.xQueueGiveFromISR)
    xQueueReceive                            0x00006111   Thumb Code   272  queue.o(i.xQueueReceive)
    xQueueSemaphoreTake                      0x00006225   Thumb Code   322  queue.o(i.xQueueSemaphoreTake)
    xSendEventStructToIPTask                 0x0000636d   Thumb Code   132  freertos_ip.o(i.xSendEventStructToIPTask)
    xSendEventToIPTask                       0x000063fd   Thumb Code    24  freertos_ip.o(i.xSendEventToIPTask)
    xTCPCheckNewClient                       0x00006415   Thumb Code    76  freertos_tcp_ip.o(i.xTCPCheckNewClient)
    xTCPSocketCheck                          0x00006465   Thumb Code    68  freertos_tcp_ip.o(i.xTCPSocketCheck)
    xTCPTimerCheck                           0x000064a9   Thumb Code   146  freertos_sockets.o(i.xTCPTimerCheck)
    xTCPWindowRxEmpty                        0x00006549   Thumb Code    16  freertos_tcp_win.o(i.xTCPWindowRxEmpty)
    xTCPWindowTxDone                         0x00006559   Thumb Code    14  freertos_tcp_win.o(i.xTCPWindowTxDone)
    xTCPWindowTxHasData                      0x00006567   Thumb Code    96  freertos_tcp_win.o(i.xTCPWindowTxHasData)
    xTaskCheckForTimeOut                     0x000065c9   Thumb Code    88  tasks.o(i.xTaskCheckForTimeOut)
    xTaskCreate                              0x00006625   Thumb Code   194  tasks.o(i.xTaskCreate)
    xTaskCreateStatic                        0x000066e7   Thumb Code   186  tasks.o(i.xTaskCreateStatic)
    xTaskGenericNotify                       0x000067a1   Thumb Code   152  tasks.o(i.xTaskGenericNotify)
    xTaskGetCurrentTaskHandle                0x00006845   Thumb Code     6  tasks.o(i.xTaskGetCurrentTaskHandle)
    xTaskGetSchedulerState                   0x00006851   Thumb Code    24  tasks.o(i.xTaskGetSchedulerState)
    xTaskGetTickCount                        0x0000686d   Thumb Code     6  tasks.o(i.xTaskGetTickCount)
    xTaskIncrementTick                       0x00006879   Thumb Code   204  tasks.o(i.xTaskIncrementTick)
    xTaskPriorityDisinherit                  0x0000694d   Thumb Code   114  tasks.o(i.xTaskPriorityDisinherit)
    xTaskPriorityInherit                     0x000069c9   Thumb Code   136  tasks.o(i.xTaskPriorityInherit)
    xTaskRemoveFromEventList                 0x00006a59   Thumb Code    86  tasks.o(i.xTaskRemoveFromEventList)
    xTaskResumeAll                           0x00006abd   Thumb Code   388  tasks.o(i.xTaskResumeAll)
    xTimerCreateTimerTask                    0x00006c4d   Thumb Code   118  timers.o(i.xTimerCreateTimerTask)
    xBroadcastMACAddress                     0x00006cdc   Data           6  freertos_ip.o(.constdata)
    xBufferAllocFixedSize                    0x00006d1c   Data           4  bufferallocation_2.o(.constdata)
    EMAC_clkdiv                              0x00006d20   Data          10  lpc17xx_emac.o(.constdata)
    Region$$Table$$Base                      0x00006d2c   Number         0  anon$$obj.o(Region$$Table)
    Region$$Table$$Limit                     0x00006d5c   Number         0  anon$$obj.o(Region$$Table)
    ucMACAddress                             0x2007c014   Data           6  main.o(.data)
    xBinarySemaphore                         0x2007c020   Data           4  main.o(.data)
    semaforoUART                             0x2007c024   Data           4  main.o(.data)
    xHandleTask1                             0x2007c028   Data           4  main.o(.data)
    xTaskReceiver                            0x2007c02c   Data           4  main.o(.data)
    SystemCoreClock                          0x2007c030   Data           4  system_lpc17xx.o(.data)
    pxCurrentTCB                             0x2007c038   Data           4  tasks.o(.data)
    xNetworkEventQueue                       0x2007c074   Data           4  freertos_ip.o(.data)
    uxRxEventCount                           0x2007c078   Data           4  freertos_ip.o(.data)
    usPacketIdentifier                       0x2007c07c   Data           2  freertos_ip.o(.data)
    ulNextInitialSequenceNumber              0x2007c0dc   Data           4  freertos_tcp_ip.o(.data)
    xDefaultPartUDPPacketHeader              0x2007c0e0   Data          24  freertos_udp_ip.o(.data)
    xEMACRxEventSemaphore                    0x2007c100   Data           4  networkhal.o(.data)
    xTCPWindowLoggingLevel                   0x2007c104   Data           4  freertos_tcp_win.o(.data)
    xNetworkAddressing                       0x2007c1d0   Data          20  freertos_ip.o(.bss)
    xDefaultAddressing                       0x2007c1e4   Data          20  freertos_ip.o(.bss)
    xBoundUdpSocketsList                     0x2007c9b8   Data          20  freertos_sockets.o(.bss)
    xBoundTcpSocketsList                     0x2007c9cc   Data          20  freertos_sockets.o(.bss)
    __libspace_start                         0x2007e00c   Data          96  libspace.o(.bss)
    __temporary_stack_top$libspace           0x2007e06c   Data           0  libspace.o(.bss)



==============================================================================

Memory Map of the image

  Image Entry point : 0x000000cd

  Load Region LR_IROM1 (Base: 0x00000000, Size: 0x00006e64, Max: 0x00080000, ABSOLUTE)

    Execution Region ER_IROM1 (Exec base: 0x00000000, Load base: 0x00000000, Size: 0x00006d5c, Max: 0x00080000, ABSOLUTE)

    Exec Addr    Load Addr    Size         Type   Attr      Idx    E Section Name        Object

    0x00000000   0x00000000   0x000000cc   Data   RO          307    RESET               startup_mps_cm3.o
    0x000000cc   0x000000cc   0x00000008   Code   RO         3266  * !!!main             c_w.l(__main.o)
    0x000000d4   0x000000d4   0x00000034   Code   RO         3448    !!!scatter          c_w.l(__scatter.o)
    0x00000108   0x00000108   0x0000001a   Code   RO         3450    !!handler_copy      c_w.l(__scatter_copy.o)
    0x00000122   0x00000122   0x00000002   PAD
    0x00000124   0x00000124   0x0000001c   Code   RO         3452    !!handler_zi        c_w.l(__scatter_zi.o)
    0x00000140   0x00000140   0x00000000   Code   RO         3247    .ARM.Collect$$_printf_percent$$00000000  c_w.l(_printf_percent.o)
    0x00000140   0x00000140   0x00000006   Code   RO         3245    .ARM.Collect$$_printf_percent$$00000009  c_w.l(_printf_d.o)
    0x00000146   0x00000146   0x00000004   Code   RO         3281    .ARM.Collect$$_printf_percent$$00000017  c_w.l(_printf_percent_end.o)
    0x0000014a   0x0000014a   0x00000002   Code   RO         3318    .ARM.Collect$$libinit$$00000000  c_w.l(libinit.o)
    0x0000014c   0x0000014c   0x00000000   Code   RO         3331    .ARM.Collect$$libinit$$00000002  c_w.l(libinit2.o)
    0x0000014c   0x0000014c   0x00000000   Code   RO         3333    .ARM.Collect$$libinit$$00000004  c_w.l(libinit2.o)
    0x0000014c   0x0000014c   0x00000000   Code   RO         3336    .ARM.Collect$$libinit$$0000000A  c_w.l(libinit2.o)
    0x0000014c   0x0000014c   0x00000000   Code   RO         3338    .ARM.Collect$$libinit$$0000000C  c_w.l(libinit2.o)
    0x0000014c   0x0000014c   0x00000000   Code   RO         3340    .ARM.Collect$$libinit$$0000000E  c_w.l(libinit2.o)
    0x0000014c   0x0000014c   0x00000000   Code   RO         3343    .ARM.Collect$$libinit$$00000011  c_w.l(libinit2.o)
    0x0000014c   0x0000014c   0x00000000   Code   RO         3345    .ARM.Collect$$libinit$$00000013  c_w.l(libinit2.o)
    0x0000014c   0x0000014c   0x00000000   Code   RO         3347    .ARM.Collect$$libinit$$00000015  c_w.l(libinit2.o)
    0x0000014c   0x0000014c   0x00000000   Code   RO         3349    .ARM.Collect$$libinit$$00000017  c_w.l(libinit2.o)
    0x0000014c   0x0000014c   0x00000000   Code   RO         3351    .ARM.Collect$$libinit$$00000019  c_w.l(libinit2.o)
    0x0000014c   0x0000014c   0x00000000   Code   RO         3353    .ARM.Collect$$libinit$$0000001B  c_w.l(libinit2.o)
    0x0000014c   0x0000014c   0x00000000   Code   RO         3355    .ARM.Collect$$libinit$$0000001D  c_w.l(libinit2.o)
    0x0000014c   0x0000014c   0x00000000   Code   RO         3357    .ARM.Collect$$libinit$$0000001F  c_w.l(libinit2.o)
    0x0000014c   0x0000014c   0x00000000   Code   RO         3359    .ARM.Collect$$libinit$$00000021  c_w.l(libinit2.o)
    0x0000014c   0x0000014c   0x00000000   Code   RO         3361    .ARM.Collect$$libinit$$00000023  c_w.l(libinit2.o)
    0x0000014c   0x0000014c   0x00000000   Code   RO         3363    .ARM.Collect$$libinit$$00000025  c_w.l(libinit2.o)
    0x0000014c   0x0000014c   0x00000000   Code   RO         3367    .ARM.Collect$$libinit$$0000002C  c_w.l(libinit2.o)
    0x0000014c   0x0000014c   0x00000000   Code   RO         3369    .ARM.Collect$$libinit$$0000002E  c_w.l(libinit2.o)
    0x0000014c   0x0000014c   0x00000000   Code   RO         3371    .ARM.Collect$$libinit$$00000030  c_w.l(libinit2.o)
    0x0000014c   0x0000014c   0x00000000   Code   RO         3373    .ARM.Collect$$libinit$$00000032  c_w.l(libinit2.o)
    0x0000014c   0x0000014c   0x00000002   Code   RO         3374    .ARM.Collect$$libinit$$00000033  c_w.l(libinit2.o)
    0x0000014e   0x0000014e   0x00000002   Code   RO         3405    .ARM.Collect$$libshutdown$$00000000  c_w.l(libshutdown.o)
    0x00000150   0x00000150   0x00000000   Code   RO         3431    .ARM.Collect$$libshutdown$$00000002  c_w.l(libshutdown2.o)
    0x00000150   0x00000150   0x00000000   Code   RO         3433    .ARM.Collect$$libshutdown$$00000004  c_w.l(libshutdown2.o)
    0x00000150   0x00000150   0x00000000   Code   RO         3436    .ARM.Collect$$libshutdown$$00000007  c_w.l(libshutdown2.o)
    0x00000150   0x00000150   0x00000000   Code   RO         3439    .ARM.Collect$$libshutdown$$0000000A  c_w.l(libshutdown2.o)
    0x00000150   0x00000150   0x00000000   Code   RO         3441    .ARM.Collect$$libshutdown$$0000000C  c_w.l(libshutdown2.o)
    0x00000150   0x00000150   0x00000000   Code   RO         3444    .ARM.Collect$$libshutdown$$0000000F  c_w.l(libshutdown2.o)
    0x00000150   0x00000150   0x00000002   Code   RO         3445    .ARM.Collect$$libshutdown$$00000010  c_w.l(libshutdown2.o)
    0x00000152   0x00000152   0x00000000   Code   RO         3268    .ARM.Collect$$rtentry$$00000000  c_w.l(__rtentry.o)
    0x00000152   0x00000152   0x00000000   Code   RO         3287    .ARM.Collect$$rtentry$$00000002  c_w.l(__rtentry2.o)
    0x00000152   0x00000152   0x00000006   Code   RO         3299    .ARM.Collect$$rtentry$$00000004  c_w.l(__rtentry4.o)
    0x00000158   0x00000158   0x00000000   Code   RO         3289    .ARM.Collect$$rtentry$$00000009  c_w.l(__rtentry2.o)
    0x00000158   0x00000158   0x00000004   Code   RO         3290    .ARM.Collect$$rtentry$$0000000A  c_w.l(__rtentry2.o)
    0x0000015c   0x0000015c   0x00000000   Code   RO         3292    .ARM.Collect$$rtentry$$0000000C  c_w.l(__rtentry2.o)
    0x0000015c   0x0000015c   0x00000008   Code   RO         3293    .ARM.Collect$$rtentry$$0000000D  c_w.l(__rtentry2.o)
    0x00000164   0x00000164   0x00000002   Code   RO         3322    .ARM.Collect$$rtexit$$00000000  c_w.l(rtexit.o)
    0x00000166   0x00000166   0x00000000   Code   RO         3378    .ARM.Collect$$rtexit$$00000002  c_w.l(rtexit2.o)
    0x00000166   0x00000166   0x00000004   Code   RO         3379    .ARM.Collect$$rtexit$$00000003  c_w.l(rtexit2.o)
    0x0000016a   0x0000016a   0x00000006   Code   RO         3380    .ARM.Collect$$rtexit$$00000004  c_w.l(rtexit2.o)
    0x00000170   0x00000170   0x00000096   Code   RO          312    .emb_text           FreeRTOS.lib(port.o)
    0x00000206   0x00000206   0x00000002   PAD
    0x00000208   0x00000208   0x00000034   Code   RO          308    .text               startup_mps_cm3.o
    0x0000023c   0x0000023c   0x000000ee   Code   RO         3212    .text               c_w.l(lludivv7m.o)
    0x0000032a   0x0000032a   0x00000002   PAD
    0x0000032c   0x0000032c   0x00000028   Code   RO         3216    .text               c_w.l(noretval__2sprintf.o)
    0x00000354   0x00000354   0x00000068   Code   RO         3218    .text               c_w.l(__printf.o)
    0x000003bc   0x000003bc   0x00000078   Code   RO         3222    .text               c_w.l(_printf_dec.o)
    0x00000434   0x00000434   0x00000058   Code   RO         3248    .text               c_w.l(memcmp.o)
    0x0000048c   0x0000048c   0x00000048   Code   RO         3250    .text               c_w.l(strcpy.o)
    0x000004d4   0x000004d4   0x0000003e   Code   RO         3252    .text               c_w.l(strlen.o)
    0x00000512   0x00000512   0x0000008a   Code   RO         3254    .text               c_w.l(rt_memcpy_v6.o)
    0x0000059c   0x0000059c   0x00000084   Code   RO         3256    .text               c_w.l(rt_memmove_v6.o)
    0x00000620   0x00000620   0x00000064   Code   RO         3258    .text               c_w.l(rt_memcpy_w.o)
    0x00000684   0x00000684   0x00000010   Code   RO         3260    .text               c_w.l(aeabi_memset.o)
    0x00000694   0x00000694   0x0000004e   Code   RO         3262    .text               c_w.l(rt_memclr_w.o)
    0x000006e2   0x000006e2   0x00000006   Code   RO         3264    .text               c_w.l(heapauxi.o)
    0x000006e8   0x000006e8   0x000000b2   Code   RO         3273    .text               c_w.l(_printf_intcommon.o)
    0x0000079a   0x0000079a   0x00000002   PAD
    0x0000079c   0x0000079c   0x00000030   Code   RO         3275    .text               c_w.l(_printf_char_common.o)
    0x000007cc   0x000007cc   0x0000000a   Code   RO         3277    .text               c_w.l(_sputc.o)
    0x000007d6   0x000007d6   0x0000007a   Code   RO         3282    .text               c_w.l(rt_memmove_w.o)
    0x00000850   0x00000850   0x00000044   Code   RO         3284    .text               c_w.l(rt_memclr.o)
    0x00000894   0x00000894   0x0000004a   Code   RO         3305    .text               c_w.l(sys_stackheap_outer.o)
    0x000008de   0x000008de   0x00000012   Code   RO         3307    .text               c_w.l(exit.o)
    0x000008f0   0x000008f0   0x00000008   Code   RO         3319    .text               c_w.l(libspace.o)
    0x000008f8   0x000008f8   0x0000000c   Code   RO         3375    .text               c_w.l(sys_exit.o)
    0x00000904   0x00000904   0x00000002   Code   RO         3394    .text               c_w.l(use_no_semi.o)
    0x00000906   0x00000906   0x00000000   Code   RO         3396    .text               c_w.l(indicate_semi.o)
    0x00000906   0x00000906   0x00000002   PAD
    0x00000908   0x00000908   0x00000054   Code   RO          878    i.ADC_ChannelCmd    CMSIS.lib(lpc17xx_adc.o)
    0x0000095c   0x0000095c   0x0000004c   Code   RO          879    i.ADC_ChannelGetData  CMSIS.lib(lpc17xx_adc.o)
    0x000009a8   0x000009a8   0x0000006c   Code   RO          880    i.ADC_ChannelGetStatus  CMSIS.lib(lpc17xx_adc.o)
    0x00000a14   0x00000a14   0x00000080   Code   RO          886    i.ADC_Init          CMSIS.lib(lpc17xx_adc.o)
    0x00000a94   0x00000a94   0x00000078   Code   RO          889    i.ADC_StartCmd      CMSIS.lib(lpc17xx_adc.o)
    0x00000b0c   0x00000b0c   0x00000030   Code   RO         1941    i.CLKPWR_ConfigPPWR  CMSIS.lib(lpc17xx_clkpwr.o)
    0x00000b3c   0x00000b3c   0x00000040   Code   RO         1944    i.CLKPWR_GetPCLK    CMSIS.lib(lpc17xx_clkpwr.o)
    0x00000b7c   0x00000b7c   0x00000020   Code   RO         3045    i.EMAC_CheckReceiveDataStatus  Network.lib(lpc17xx_emac.o)
    0x00000b9c   0x00000b9c   0x0000001c   Code   RO         3046    i.EMAC_CheckReceiveIndex  Network.lib(lpc17xx_emac.o)
    0x00000bb8   0x00000bb8   0x00000020   Code   RO         3047    i.EMAC_CheckTransmitIndex  Network.lib(lpc17xx_emac.o)
    0x00000bd8   0x00000bd8   0x00000018   Code   RO         3049    i.EMAC_GetReceiveDataSize  Network.lib(lpc17xx_emac.o)
    0x00000bf0   0x00000bf0   0x0000013c   Code   RO         3051    i.EMAC_Init         Network.lib(lpc17xx_emac.o)
    0x00000d2c   0x00000d2c   0x00000030   Code   RO         3054    i.EMAC_ReadPacketBuffer  Network.lib(lpc17xx_emac.o)
    0x00000d5c   0x00000d5c   0x000000bc   Code   RO         3057    i.EMAC_SetPHYMode   Network.lib(lpc17xx_emac.o)
    0x00000e18   0x00000e18   0x0000007c   Code   RO         3058    i.EMAC_UpdatePHYStatus  Network.lib(lpc17xx_emac.o)
    0x00000e94   0x00000e94   0x00000018   Code   RO         3059    i.EMAC_UpdateRxConsumeIndex  Network.lib(lpc17xx_emac.o)
    0x00000eac   0x00000eac   0x00000018   Code   RO         3060    i.EMAC_UpdateTxProduceIndex  Network.lib(lpc17xx_emac.o)
    0x00000ec4   0x00000ec4   0x0000003c   Code   RO         3061    i.EMAC_WritePacketBuffer  Network.lib(lpc17xx_emac.o)
    0x00000f00   0x00000f00   0x0000005c   Code   RO         2665    i.ENET_IRQHandler   Network.lib(networkhal.o)
    0x00000f5c   0x00000f5c   0x00000120   Code   RO         1370    i.FreeRTOS_IPInit   Network.lib(freertos_ip.o)
    0x0000107c   0x0000107c   0x00000028   Code   RO         1372    i.FreeRTOS_NetworkDown  Network.lib(freertos_ip.o)
    0x000010a4   0x000010a4   0x00000022   Code   RO         2014    i.FreeRTOS_OutputARPRequest  Network.lib(freertos_arp.o)
    0x000010c6   0x000010c6   0x00000030   Code   RO         2084    i.FreeRTOS_closesocket  Network.lib(freertos_sockets.o)
    0x000010f6   0x000010f6   0x00000096   Code   RO         2104    i.FreeRTOS_socket   Network.lib(freertos_sockets.o)
    0x0000118c   0x0000118c   0x0000003c   Code   RO         1000    i.GPIO_ClearValue   CMSIS.lib(lpc17xx_gpio.o)
    0x000011c8   0x000011c8   0x0000003c   Code   RO         1003    i.GPIO_ReadValue    CMSIS.lib(lpc17xx_gpio.o)
    0x00001204   0x00001204   0x00000048   Code   RO         1004    i.GPIO_SetDir       CMSIS.lib(lpc17xx_gpio.o)
    0x0000124c   0x0000124c   0x0000003c   Code   RO         1005    i.GPIO_SetValue     CMSIS.lib(lpc17xx_gpio.o)
    0x00001288   0x00001288   0x00000094   Code   RO         2666    i.InitialiseNetwork  Network.lib(networkhal.o)
    0x0000131c   0x0000131c   0x0000008c   Code   RO         1142    i.PINSEL_ConfigPin  CMSIS.lib(lpc17xx_pinsel.o)
    0x000013a8   0x000013a8   0x0000001e   Code   RO         2667    i.SendData          Network.lib(networkhal.o)
    0x000013c6   0x000013c6   0x00000002   PAD
    0x000013c8   0x000013c8   0x0000013c   Code   RO          271    i.SystemCoreClockUpdate  system_lpc17xx.o
    0x00001504   0x00001504   0x00000140   Code   RO          272    i.SystemInit        system_lpc17xx.o
    0x00001644   0x00001644   0x00000012   Code   RO         1187    i.UART_ConfigStructInit  CMSIS.lib(lpc17xx_uart.o)
    0x00001656   0x00001656   0x0000000e   Code   RO         1190    i.UART_FIFOConfigStructInit  CMSIS.lib(lpc17xx_uart.o)
    0x00001664   0x00001664   0x00000308   Code   RO         1197    i.UART_Init         CMSIS.lib(lpc17xx_uart.o)
    0x0000196c   0x0000196c   0x00000108   Code   RO         1209    i.UART_Send         CMSIS.lib(lpc17xx_uart.o)
    0x00001a74   0x00001a74   0x0000008c   Code   RO         1211    i.UART_TxCmd        CMSIS.lib(lpc17xx_uart.o)
    0x00001b00   0x00001b00   0x00000002   Code   RO         2001    i.check_failed      CMSIS.lib(lpc17xx_libcfg_default.o)
    0x00001b02   0x00001b02   0x00000002   PAD
    0x00001b04   0x00001b04   0x00000078   Code   RO         2015    i.eARPGetCacheEntry  Network.lib(freertos_arp.o)
    0x00001b7c   0x00001b7c   0x000000ac   Code   RO         2016    i.eARPProcessPacket  Network.lib(freertos_arp.o)
    0x00001c28   0x00001c28   0x0000004c   Code   RO         1379    i.eConsiderFrameForProcessing  Network.lib(freertos_ip.o)
    0x00001c74   0x00001c74   0x00000040   Code   RO            4    i.funcaoUART        main.o
    0x00001cb4   0x00001cb4   0x000000f0   Code   RO         2920    i.lStreamBufferAdd  Network.lib(freertos_stream_buffer.o)
    0x00001da4   0x00001da4   0x00000016   Code   RO         2379    i.lStreamBufferDistance  Network.lib(freertos_tcp_ip.o)
    0x00001dba   0x00001dba   0x00000010   Code   RO         2108    i.lStreamBufferFrontSpace  Network.lib(freertos_sockets.o)
    0x00001dca   0x00001dca   0x00000010   Code   RO         2380    i.lStreamBufferFrontSpace  Network.lib(freertos_tcp_ip.o)
    0x00001dda   0x00001dda   0x000000aa   Code   RO         2921    i.lStreamBufferGet  Network.lib(freertos_stream_buffer.o)
    0x00001e84   0x00001e84   0x00000010   Code   RO         2381    i.lStreamBufferMidSpace  Network.lib(freertos_tcp_ip.o)
    0x00001e94   0x00001e94   0x00000018   Code   RO         2111    i.lStreamBufferSpace  Network.lib(freertos_sockets.o)
    0x00001eac   0x00001eac   0x00000018   Code   RO         2382    i.lStreamBufferSpace  Network.lib(freertos_tcp_ip.o)
    0x00001ec4   0x00001ec4   0x0000007a   Code   RO         2112    i.lTCPAddRxdata     Network.lib(freertos_sockets.o)
    0x00001f3e   0x00001f3e   0x0000001e   Code   RO         2945    i.lTCPWindowRxCheck  Network.lib(freertos_tcp_win.o)
    0x00001f5c   0x00001f5c   0x00000080   Code   RO         2946    i.lTCPWindowTxAdd   Network.lib(freertos_tcp_win.o)
    0x00001fdc   0x00001fdc   0x00000060   Code   RO            5    i.leCanalAD         main.o
    0x0000203c   0x0000203c   0x000001f0   Code   RO            6    i.main              main.o
    0x0000222c   0x0000222c   0x00000074   Code   RO          579    i.prvAddCurrentTaskToDelayedList  FreeRTOS.lib(tasks.o)
    0x000022a0   0x000022a0   0x000000e4   Code   RO          580    i.prvAddNewTaskToReadyList  FreeRTOS.lib(tasks.o)
    0x00002384   0x00002384   0x0000008c   Code   RO         1380    i.prvAllowIPPacket  Network.lib(freertos_ip.o)
    0x00002410   0x00002410   0x00000050   Code   RO         2017    i.prvCacheLookup    Network.lib(freertos_arp.o)
    0x00002460   0x00002460   0x00000030   Code   RO         1381    i.prvCalculateSleepTime  Network.lib(freertos_ip.o)
    0x00002490   0x00002490   0x00000090   Code   RO         1382    i.prvCheckNetworkTimers  Network.lib(freertos_ip.o)
    0x00002520   0x00002520   0x000000a8   Code   RO         2383    i.prvCheckOptions   Network.lib(freertos_tcp_ip.o)
    0x000025c8   0x000025c8   0x00000096   Code   RO         2384    i.prvCheckRxData    Network.lib(freertos_tcp_ip.o)
    0x0000265e   0x0000265e   0x00000042   Code   RO         2113    i.prvDetermineSocketSize  Network.lib(freertos_sockets.o)
    0x000026a0   0x000026a0   0x00000094   Code   RO         2668    i.prvEMACDeferredInterruptHandlerTask  Network.lib(networkhal.o)
    0x00002734   0x00002734   0x0000006c   Code   RO         2114    i.prvGetPrivatePortNumber  Network.lib(freertos_sockets.o)
    0x000027a0   0x000027a0   0x00000190   Code   RO         2385    i.prvHandleEstablished  Network.lib(freertos_tcp_ip.o)
    0x00002930   0x00002930   0x00000038   Code   RO         1383    i.prvHandleEthernetPacket  Network.lib(freertos_ip.o)
    0x00002968   0x00002968   0x0000010c   Code   RO         2386    i.prvHandleListen   Network.lib(freertos_tcp_ip.o)
    0x00002a74   0x00002a74   0x0000010e   Code   RO         2387    i.prvHandleSynReceived  Network.lib(freertos_tcp_ip.o)
    0x00002b82   0x00002b82   0x00000002   PAD
    0x00002b84   0x00002b84   0x00000108   Code   RO         1384    i.prvIPTask         Network.lib(freertos_ip.o)
    0x00002c8c   0x00002c8c   0x00000036   Code   RO         1385    i.prvIPTimerCheck   Network.lib(freertos_ip.o)
    0x00002cc2   0x00002cc2   0x00000012   Code   RO         1386    i.prvIPTimerReload  Network.lib(freertos_ip.o)
    0x00002cd4   0x00002cd4   0x0000002a   Code   RO         1387    i.prvIPTimerStart   Network.lib(freertos_ip.o)
    0x00002cfe   0x00002cfe   0x00000002   PAD
    0x00002d00   0x00002d00   0x00000058   Code   RO          581    i.prvIdleTask       FreeRTOS.lib(tasks.o)
    0x00002d58   0x00002d58   0x000000b2   Code   RO         2875    i.prvParseDNSReply  Network.lib(freertos_dns.o)
    0x00002e0a   0x00002e0a   0x00000062   Code   RO         1388    i.prvProcessEthernetPacket  Network.lib(freertos_ip.o)
    0x00002e6c   0x00002e6c   0x0000003c   Code   RO         1389    i.prvProcessICMPEchoRequest  Network.lib(freertos_ip.o)
    0x00002ea8   0x00002ea8   0x00000024   Code   RO         1390    i.prvProcessICMPPacket  Network.lib(freertos_ip.o)
    0x00002ecc   0x00002ecc   0x000000e0   Code   RO         1391    i.prvProcessIPPacket  Network.lib(freertos_ip.o)
    0x00002fac   0x00002fac   0x00000044   Code   RO         1392    i.prvProcessNetworkDownEvent  Network.lib(freertos_ip.o)
    0x00002ff0   0x00002ff0   0x000000ac   Code   RO         1837    i.prvSampleTimeNow  FreeRTOS.lib(timers.o)
    0x0000309c   0x0000309c   0x00000090   Code   RO         2388    i.prvSendData       Network.lib(freertos_tcp_ip.o)
    0x0000312c   0x0000312c   0x00000060   Code   RO         2389    i.prvSetOptions     Network.lib(freertos_tcp_ip.o)
    0x0000318c   0x0000318c   0x0000001e   Code   RO         2390    i.prvSetSynAckOptions  Network.lib(freertos_tcp_ip.o)
    0x000031aa   0x000031aa   0x00000020   Code   RO         2876    i.prvSkipNameField  Network.lib(freertos_dns.o)
    0x000031ca   0x000031ca   0x00000002   PAD
    0x000031cc   0x000031cc   0x00000058   Code   RO         2391    i.prvSocketSetMSS   Network.lib(freertos_tcp_ip.o)
    0x00003224   0x00003224   0x000000b0   Code   RO         2392    i.prvStoreRxData    Network.lib(freertos_tcp_ip.o)
    0x000032d4   0x000032d4   0x0000005a   Code   RO         2393    i.prvTCPAddTxData   Network.lib(freertos_tcp_ip.o)
    0x0000332e   0x0000332e   0x00000002   PAD
    0x00003330   0x00003330   0x00000088   Code   RO         2394    i.prvTCPBufferResize  Network.lib(freertos_tcp_ip.o)
    0x000033b8   0x000033b8   0x00000040   Code   RO         2395    i.prvTCPCreateWindow  Network.lib(freertos_tcp_ip.o)
    0x000033f8   0x000033f8   0x000000ec   Code   RO         2396    i.prvTCPHandleFin   Network.lib(freertos_tcp_ip.o)
    0x000034e4   0x000034e4   0x00000194   Code   RO         2397    i.prvTCPHandleState  Network.lib(freertos_tcp_ip.o)
    0x00003678   0x00003678   0x0000008c   Code   RO         2398    i.prvTCPNextTimeout  Network.lib(freertos_tcp_ip.o)
    0x00003704   0x00003704   0x00000140   Code   RO         2399    i.prvTCPPrepareConnect  Network.lib(freertos_tcp_ip.o)
    0x00003844   0x00003844   0x0000019c   Code   RO         2400    i.prvTCPPrepareSend  Network.lib(freertos_tcp_ip.o)
    0x000039e0   0x000039e0   0x00000224   Code   RO         2401    i.prvTCPReturnPacket  Network.lib(freertos_tcp_ip.o)
    0x00003c04   0x00003c04   0x0000008a   Code   RO         2402    i.prvTCPSendPacket  Network.lib(freertos_tcp_ip.o)
    0x00003c8e   0x00003c8e   0x00000002   PAD
    0x00003c90   0x00003c90   0x0000004c   Code   RO         2403    i.prvTCPSendRepeated  Network.lib(freertos_tcp_ip.o)
    0x00003cdc   0x00003cdc   0x00000024   Code   RO         2404    i.prvTCPSendReset   Network.lib(freertos_tcp_ip.o)
    0x00003d00   0x00003d00   0x0000003c   Code   RO         2117    i.prvTCPSetSocketCount  Network.lib(freertos_sockets.o)
    0x00003d3c   0x00003d3c   0x00000088   Code   RO         2405    i.prvTCPSocketCopy  Network.lib(freertos_tcp_ip.o)
    0x00003dc4   0x00003dc4   0x0000002a   Code   RO         2406    i.prvTCPSocketIsActive  Network.lib(freertos_tcp_ip.o)
    0x00003dee   0x00003dee   0x00000068   Code   RO         2407    i.prvTCPStatusAgeCheck  Network.lib(freertos_tcp_ip.o)
    0x00003e56   0x00003e56   0x0000000c   Code   RO         2408    i.prvTCPTouchSocket  Network.lib(freertos_tcp_ip.o)
    0x00003e62   0x00003e62   0x00000012   Code   RO         2947    i.prvTCPWindowTxHasSpace  Network.lib(freertos_tcp_win.o)
    0x00003e74   0x00003e74   0x00000010   Code   RO          313    i.prvTaskExitError  FreeRTOS.lib(port.o)
    0x00003e84   0x00003e84   0x00000080   Code   RO         2118    i.prvTcpCreateStream  Network.lib(freertos_sockets.o)
    0x00003f04   0x00003f04   0x000002a8   Code   RO         1838    i.prvTimerTask      FreeRTOS.lib(timers.o)
    0x000041ac   0x000041ac   0x0000006c   Code   RO          399    i.prvUnlockQueue    FreeRTOS.lib(queue.o)
    0x00004218   0x00004218   0x0000014c   Code   RO         1743    i.pvPortMalloc      FreeRTOS.lib(heap_4.o)
    0x00004364   0x00004364   0x00000018   Code   RO          582    i.pvTaskIncrementMutexHeldCount  FreeRTOS.lib(tasks.o)
    0x0000437c   0x0000437c   0x0000007c   Code   RO         2595    i.pxGetNetworkBufferWithDescriptor  Network.lib(bufferallocation_2.o)
    0x000043f8   0x000043f8   0x00000030   Code   RO         2120    i.pxListFindListItemWithValue  Network.lib(freertos_sockets.o)
    0x00004428   0x00004428   0x00000024   Code   RO          314    i.pxPortInitialiseStack  FreeRTOS.lib(port.o)
    0x0000444c   0x0000444c   0x00000054   Code   RO         2121    i.pxTCPSocketLookup  Network.lib(freertos_sockets.o)
    0x000044a0   0x000044a0   0x0000001c   Code   RO         2122    i.pxUDPSocketLookup  Network.lib(freertos_sockets.o)
    0x000044bc   0x000044bc   0x0000003e   Code   RO         3063    i.read_PHY          Network.lib(lpc17xx_emac.o)
    0x000044fa   0x000044fa   0x00000002   PAD
    0x000044fc   0x000044fc   0x00000068   Code   RO         3064    i.rx_descr_init     Network.lib(lpc17xx_emac.o)
    0x00004564   0x00004564   0x0000002c   Code   RO         3065    i.setEmacAddr       Network.lib(lpc17xx_emac.o)
    0x00004590   0x00004590   0x0000016a   Code   RO         2669    i.setEthernetPins   Network.lib(networkhal.o)
    0x000046fa   0x000046fa   0x00000002   PAD
    0x000046fc   0x000046fc   0x0000005c   Code   RO         3066    i.tx_descr_init     Network.lib(lpc17xx_emac.o)
    0x00004758   0x00004758   0x00000018   Code   RO         2877    i.ulDNSHandlePacket  Network.lib(freertos_dns.o)
    0x00004770   0x00004770   0x00000058   Code   RO         2948    i.ulTCPWindowTxAck  Network.lib(freertos_tcp_win.o)
    0x000047c8   0x000047c8   0x00000064   Code   RO         2949    i.ulTCPWindowTxGet  Network.lib(freertos_tcp_win.o)
    0x0000482c   0x0000482c   0x0000006c   Code   RO          583    i.ulTaskNotifyTake  FreeRTOS.lib(tasks.o)
    0x00004898   0x00004898   0x0000000e   Code   RO         2950    i.ulTimerGetAge     Network.lib(freertos_tcp_win.o)
    0x000048a6   0x000048a6   0x0000015e   Code   RO         1395    i.usGenerateChecksum  Network.lib(freertos_ip.o)
    0x00004a04   0x00004a04   0x000000d8   Code   RO         1396    i.usGenerateProtocolChecksum  Network.lib(freertos_ip.o)
    0x00004adc   0x00004adc   0x00000026   Code   RO         1800    i.uxListRemove      FreeRTOS.lib(list.o)
    0x00004b02   0x00004b02   0x00000012   Code   RO          400    i.uxQueueMessagesWaiting  FreeRTOS.lib(queue.o)
    0x00004b14   0x00004b14   0x000000bc   Code   RO         2018    i.vARPAgeCache      Network.lib(freertos_arp.o)
    0x00004bd0   0x00004bd0   0x00000048   Code   RO         2019    i.vARPGenerateRequestPacket  Network.lib(freertos_arp.o)
    0x00004c18   0x00004c18   0x00000158   Code   RO         2020    i.vARPRefreshCacheEntry  Network.lib(freertos_arp.o)
    0x00004d70   0x00004d70   0x00000014   Code   RO         1702    i.vApplicationGetIdleTaskMemory  FreeRTOS.lib(freertosappstaticalloc.o)
    0x00004d84   0x00004d84   0x00000014   Code   RO         1703    i.vApplicationGetTimerTaskMemory  FreeRTOS.lib(freertosappstaticalloc.o)
    0x00004d98   0x00004d98   0x00000002   Code   RO            7    i.vApplicationIPNetworkEventHook  main.o
    0x00004d9a   0x00004d9a   0x00000002   PAD
    0x00004d9c   0x00004d9c   0x00000064   Code   RO            8    i.vApplicationStackOverflowHook  main.o
    0x00004e00   0x00004e00   0x00000034   Code   RO         2804    i.vEventGroupDelete  FreeRTOS.lib(event_groups.o)
    0x00004e34   0x00004e34   0x00000024   Code   RO         1397    i.vIPNetworkUpCalls  Network.lib(freertos_ip.o)
    0x00004e58   0x00004e58   0x00000016   Code   RO         1801    i.vListInitialise   FreeRTOS.lib(list.o)
    0x00004e6e   0x00004e6e   0x00000006   Code   RO         1802    i.vListInitialiseItem  FreeRTOS.lib(list.o)
    0x00004e74   0x00004e74   0x0000003a   Code   RO         1803    i.vListInsert       FreeRTOS.lib(list.o)
    0x00004eae   0x00004eae   0x00000018   Code   RO         1804    i.vListInsertEnd    FreeRTOS.lib(list.o)
    0x00004ec6   0x00004ec6   0x00000002   PAD
    0x00004ec8   0x00004ec8   0x00000038   Code   RO         2123    i.vNetworkSocketsInit  Network.lib(freertos_sockets.o)
    0x00004f00   0x00004f00   0x0000001c   Code   RO          316    i.vPortEnterCritical  FreeRTOS.lib(port.o)
    0x00004f1c   0x00004f1c   0x00000018   Code   RO          317    i.vPortExitCritical  FreeRTOS.lib(port.o)
    0x00004f34   0x00004f34   0x00000090   Code   RO         1744    i.vPortFree         FreeRTOS.lib(heap_4.o)
    0x00004fc4   0x00004fc4   0x00000024   Code   RO          318    i.vPortSetupTimerInterrupt  FreeRTOS.lib(port.o)
    0x00004fe8   0x00004fe8   0x000000dc   Code   RO         2569    i.vProcessGeneratedUDPPacket  Network.lib(freertos_udp_ip.o)
    0x000050c4   0x000050c4   0x0000000e   Code   RO          403    i.vQueueDelete      FreeRTOS.lib(queue.o)
    0x000050d2   0x000050d2   0x0000004a   Code   RO          404    i.vQueueWaitForMessageRestricted  FreeRTOS.lib(queue.o)
    0x0000511c   0x0000511c   0x00000010   Code   RO         2598    i.vReleaseNetworkBuffer  Network.lib(bufferallocation_2.o)
    0x0000512c   0x0000512c   0x0000004c   Code   RO         2599    i.vReleaseNetworkBufferAndDescriptor  Network.lib(bufferallocation_2.o)
    0x00005178   0x00005178   0x0000002c   Code   RO         1398    i.vReturnEthernetFrame  Network.lib(freertos_ip.o)
    0x000051a4   0x000051a4   0x00000088   Code   RO         2124    i.vSocketBind       Network.lib(freertos_sockets.o)
    0x0000522c   0x0000522c   0x0000006e   Code   RO         2125    i.vSocketClose      Network.lib(freertos_sockets.o)
    0x0000529a   0x0000529a   0x000000d8   Code   RO         2409    i.vTCPStateChange   Network.lib(freertos_tcp_ip.o)
    0x00005372   0x00005372   0x0000000c   Code   RO         2952    i.vTCPTimerSet      Network.lib(freertos_tcp_win.o)
    0x0000537e   0x0000537e   0x00000002   PAD
    0x00005380   0x00005380   0x00000034   Code   RO         2953    i.vTCPWindowCreate  Network.lib(freertos_tcp_win.o)
    0x000053b4   0x000053b4   0x0000005a   Code   RO         2955    i.vTCPWindowInit    Network.lib(freertos_tcp_win.o)
    0x0000540e   0x0000540e   0x00000002   PAD
    0x00005410   0x00005410   0x00000050   Code   RO           10    i.vTask1            main.o
    0x00005460   0x00005460   0x00000038   Code   RO          588    i.vTaskDelay        FreeRTOS.lib(tasks.o)
    0x00005498   0x00005498   0x00000010   Code   RO          592    i.vTaskInternalSetTimeOutState  FreeRTOS.lib(tasks.o)
    0x000054a8   0x000054a8   0x00000038   Code   RO           11    i.vTaskMandaUART    main.o
    0x000054e0   0x000054e0   0x00000044   Code   RO           12    i.vTaskMandaUARTnotif  main.o
    0x00005524   0x00005524   0x0000000c   Code   RO          593    i.vTaskMissedYield  FreeRTOS.lib(tasks.o)
    0x00005530   0x00005530   0x00000020   Code   RO          595    i.vTaskPlaceOnEventList  FreeRTOS.lib(tasks.o)
    0x00005550   0x00005550   0x00000030   Code   RO          596    i.vTaskPlaceOnEventListRestricted  FreeRTOS.lib(tasks.o)
    0x00005580   0x00005580   0x00000084   Code   RO          598    i.vTaskPriorityDisinheritAfterTimeout  FreeRTOS.lib(tasks.o)
    0x00005604   0x00005604   0x0000004c   Code   RO          599    i.vTaskRemoveFromUnorderedEventList  FreeRTOS.lib(tasks.o)
    0x00005650   0x00005650   0x0000007c   Code   RO          600    i.vTaskResume       FreeRTOS.lib(tasks.o)
    0x000056cc   0x000056cc   0x00000020   Code   RO          601    i.vTaskSetTimeOutState  FreeRTOS.lib(tasks.o)
    0x000056ec   0x000056ec   0x00000108   Code   RO          602    i.vTaskStartScheduler  FreeRTOS.lib(tasks.o)
    0x000057f4   0x000057f4   0x00000134   Code   RO          603    i.vTaskSuspend      FreeRTOS.lib(tasks.o)
    0x00005928   0x00005928   0x00000010   Code   RO          604    i.vTaskSuspendAll   FreeRTOS.lib(tasks.o)
    0x00005938   0x00005938   0x00000078   Code   RO          605    i.vTaskSwitchContext  FreeRTOS.lib(tasks.o)
    0x000059b0   0x000059b0   0x00000048   Code   RO           13    i.vTaskbotao        main.o
    0x000059f8   0x000059f8   0x00000048   Code   RO           14    i.vTaskbotao1       main.o
    0x00005a40   0x00005a40   0x0000001a   Code   RO         2127    i.vWakeUpSocketUser  Network.lib(freertos_sockets.o)
    0x00005a5a   0x00005a5a   0x00000036   Code   RO         3067    i.write_PHY         Network.lib(lpc17xx_emac.o)
    0x00005a90   0x00005a90   0x0000001c   Code   RO         2807    i.xEventGroupCreate  FreeRTOS.lib(event_groups.o)
    0x00005aac   0x00005aac   0x0000006c   Code   RO         2810    i.xEventGroupSetBits  FreeRTOS.lib(event_groups.o)
    0x00005b18   0x00005b18   0x0000000c   Code   RO         1399    i.xIPIsNetworkTaskReady  Network.lib(freertos_ip.o)
    0x00005b24   0x00005b24   0x0000001c   Code   RO         1400    i.xIsCallingFromIPTask  Network.lib(freertos_ip.o)
    0x00005b40   0x00005b40   0x00000090   Code   RO         2600    i.xNetworkBuffersInitialise  Network.lib(bufferallocation_2.o)
    0x00005bd0   0x00005bd0   0x00000014   Code   RO         2670    i.xNetworkInterfaceInitialise  Network.lib(networkhal.o)
    0x00005be4   0x00005be4   0x0000001a   Code   RO         2671    i.xNetworkInterfaceOutput  Network.lib(networkhal.o)
    0x00005bfe   0x00005bfe   0x00000002   PAD
    0x00005c00   0x00005c00   0x00000030   Code   RO          319    i.xPortStartScheduler  FreeRTOS.lib(port.o)
    0x00005c30   0x00005c30   0x0000002c   Code   RO          320    i.xPortSysTickHandler  FreeRTOS.lib(port.o)
    0x00005c5c   0x00005c5c   0x00000166   Code   RO         2410    i.xProcessReceivedTCPPacket  Network.lib(freertos_tcp_ip.o)
    0x00005dc2   0x00005dc2   0x0000007e   Code   RO         2570    i.xProcessReceivedUDPPacket  Network.lib(freertos_udp_ip.o)
    0x00005e40   0x00005e40   0x00000014   Code   RO          405    i.xQueueCreateCountingSemaphore  FreeRTOS.lib(queue.o)
    0x00005e54   0x00005e54   0x00000024   Code   RO          407    i.xQueueCreateMutex  FreeRTOS.lib(queue.o)
    0x00005e78   0x00005e78   0x00000070   Code   RO          409    i.xQueueGenericCreate  FreeRTOS.lib(queue.o)
    0x00005ee8   0x00005ee8   0x00000062   Code   RO          410    i.xQueueGenericCreateStatic  FreeRTOS.lib(queue.o)
    0x00005f4a   0x00005f4a   0x00000002   PAD
    0x00005f4c   0x00005f4c   0x00000170   Code   RO          412    i.xQueueGenericSend  FreeRTOS.lib(queue.o)
    0x000060bc   0x000060bc   0x00000054   Code   RO          414    i.xQueueGiveFromISR  FreeRTOS.lib(queue.o)
    0x00006110   0x00006110   0x00000114   Code   RO          420    i.xQueueReceive     FreeRTOS.lib(queue.o)
    0x00006224   0x00006224   0x00000148   Code   RO          422    i.xQueueSemaphoreTake  FreeRTOS.lib(queue.o)
    0x0000636c   0x0000636c   0x00000090   Code   RO         1401    i.xSendEventStructToIPTask  Network.lib(freertos_ip.o)
    0x000063fc   0x000063fc   0x00000018   Code   RO         1402    i.xSendEventToIPTask  Network.lib(freertos_ip.o)
    0x00006414   0x00006414   0x00000050   Code   RO         2411    i.xTCPCheckNewClient  Network.lib(freertos_tcp_ip.o)
    0x00006464   0x00006464   0x00000044   Code   RO         2412    i.xTCPSocketCheck   Network.lib(freertos_tcp_ip.o)
    0x000064a8   0x000064a8   0x000000a0   Code   RO         2128    i.xTCPTimerCheck    Network.lib(freertos_sockets.o)
    0x00006548   0x00006548   0x00000010   Code   RO         2956    i.xTCPWindowRxEmpty  Network.lib(freertos_tcp_win.o)
    0x00006558   0x00006558   0x0000000e   Code   RO         2957    i.xTCPWindowTxDone  Network.lib(freertos_tcp_win.o)
    0x00006566   0x00006566   0x00000060   Code   RO         2958    i.xTCPWindowTxHasData  Network.lib(freertos_tcp_win.o)
    0x000065c6   0x000065c6   0x00000002   PAD
    0x000065c8   0x000065c8   0x0000005c   Code   RO          607    i.xTaskCheckForTimeOut  FreeRTOS.lib(tasks.o)
    0x00006624   0x00006624   0x000000c2   Code   RO          608    i.xTaskCreate       FreeRTOS.lib(tasks.o)
    0x000066e6   0x000066e6   0x000000ba   Code   RO          609    i.xTaskCreateStatic  FreeRTOS.lib(tasks.o)
    0x000067a0   0x000067a0   0x000000a4   Code   RO          610    i.xTaskGenericNotify  FreeRTOS.lib(tasks.o)
    0x00006844   0x00006844   0x0000000c   Code   RO          612    i.xTaskGetCurrentTaskHandle  FreeRTOS.lib(tasks.o)
    0x00006850   0x00006850   0x0000001c   Code   RO          613    i.xTaskGetSchedulerState  FreeRTOS.lib(tasks.o)
    0x0000686c   0x0000686c   0x0000000c   Code   RO          614    i.xTaskGetTickCount  FreeRTOS.lib(tasks.o)
    0x00006878   0x00006878   0x000000d4   Code   RO          616    i.xTaskIncrementTick  FreeRTOS.lib(tasks.o)
    0x0000694c   0x0000694c   0x0000007c   Code   RO          619    i.xTaskPriorityDisinherit  FreeRTOS.lib(tasks.o)
    0x000069c8   0x000069c8   0x00000090   Code   RO          620    i.xTaskPriorityInherit  FreeRTOS.lib(tasks.o)
    0x00006a58   0x00006a58   0x00000064   Code   RO          621    i.xTaskRemoveFromEventList  FreeRTOS.lib(tasks.o)
    0x00006abc   0x00006abc   0x00000190   Code   RO          622    i.xTaskResumeAll    FreeRTOS.lib(tasks.o)
    0x00006c4c   0x00006c4c   0x00000090   Code   RO         1845    i.xTimerCreateTimerTask  FreeRTOS.lib(timers.o)
    0x00006cdc   0x00006cdc   0x00000018   Data   RO         1404    .constdata          Network.lib(freertos_ip.o)
    0x00006cf4   0x00006cf4   0x00000026   Data   RO         2023    .constdata          Network.lib(freertos_arp.o)
    0x00006d1a   0x00006d1a   0x00000002   PAD
    0x00006d1c   0x00006d1c   0x00000004   Data   RO         2602    .constdata          Network.lib(bufferallocation_2.o)
    0x00006d20   0x00006d20   0x0000000a   Data   RO         3069    .constdata          Network.lib(lpc17xx_emac.o)
    0x00006d2a   0x00006d2a   0x00000002   PAD
    0x00006d2c   0x00006d2c   0x00000030   Data   RO         3446    Region$$Table       anon$$obj.o


    Execution Region RW_IRAM1 (Exec base: 0x10000000, Load base: 0x00006d5c, Size: 0x00008000, Max: 0x00008000, ABSOLUTE)

    Exec Addr    Load Addr    Size         Type   Attr      Idx    E Section Name        Object

    0x10000000        -       0x00008000   Zero   RW         1749    .bss                FreeRTOS.lib(heap_4.o)


    Execution Region RW_IRAM2 (Exec base: 0x2007c000, Load base: 0x00006d5c, Size: 0x00002270, Max: 0x00008000, ABSOLUTE)

    Exec Addr    Load Addr    Size         Type   Attr      Idx    E Section Name        Object

    0x2007c000   0x00006d5c   0x00000030   Data   RW           15    .data               main.o
    0x2007c030   0x00006d8c   0x00000004   Data   RW          273    .data               system_lpc17xx.o
    0x2007c034   0x00006d90   0x00000004   Data   RW          321    .data               FreeRTOS.lib(port.o)
    0x2007c038   0x00006d94   0x0000003c   Data   RW          625    .data               FreeRTOS.lib(tasks.o)
    0x2007c074   0x00006dd0   0x00000028   Data   RW         1405    .data               Network.lib(freertos_ip.o)
    0x2007c09c   0x00006df8   0x00000020   Data   RW         1750    .data               FreeRTOS.lib(heap_4.o)
    0x2007c0bc   0x00006e18   0x00000014   Data   RW         1852    .data               FreeRTOS.lib(timers.o)
    0x2007c0d0   0x00006e2c   0x00000004   Data   RW         2024    .data               Network.lib(freertos_arp.o)
    0x2007c0d4   0x00006e30   0x00000008   Data   RW         2131    .data               Network.lib(freertos_sockets.o)
    0x2007c0dc   0x00006e38   0x00000004   Data   RW         2413    .data               Network.lib(freertos_tcp_ip.o)
    0x2007c0e0   0x00006e3c   0x00000018   Data   RW         2571    .data               Network.lib(freertos_udp_ip.o)
    0x2007c0f8   0x00006e54   0x00000008   Data   RW         2603    .data               Network.lib(bufferallocation_2.o)
    0x2007c100   0x00006e5c   0x00000004   Data   RW         2672    .data               Network.lib(networkhal.o)
    0x2007c104   0x00006e60   0x00000004   Data   RW         2959    .data               Network.lib(freertos_tcp_win.o)
    0x2007c108        -       0x000000c8   Zero   RW          624    .bss                FreeRTOS.lib(tasks.o)
    0x2007c1d0        -       0x00000050   Zero   RW         1403    .bss                Network.lib(freertos_ip.o)
    0x2007c220        -       0x000005c0   Zero   RW         1704    .bss                FreeRTOS.lib(freertosappstaticalloc.o)
    0x2007c7e0        -       0x00000190   Zero   RW         1851    .bss                FreeRTOS.lib(timers.o)
    0x2007c970        -       0x00000048   Zero   RW         2022    .bss                Network.lib(freertos_arp.o)
    0x2007c9b8        -       0x00000028   Zero   RW         2129    .bss                Network.lib(freertos_sockets.o)
    0x2007c9e0        -       0x000000c8   Zero   RW         2601    .bss                Network.lib(bufferallocation_2.o)
    0x2007caa8        -       0x00001564   Zero   RW         3068    .bss                Network.lib(lpc17xx_emac.o)
    0x2007e00c        -       0x00000060   Zero   RW         3320    .bss                c_w.l(libspace.o)
    0x2007e06c   0x00006e64   0x00000004   PAD
    0x2007e070        -       0x00000000   Zero   RW          306    HEAP                startup_mps_cm3.o
    0x2007e070        -       0x00000200   Zero   RW          305    STACK               startup_mps_cm3.o


==============================================================================

Image component sizes


      Code (inc. data)   RO Data    RW Data    ZI Data      Debug   Object Name

      1106        264          0         48          0      84755   main.o
        52         18        204          0        512        832   startup_mps_cm3.o
       636         38          0          4          0       1403   system_lpc17xx.o

    ----------------------------------------------------------------------
      1796        320        252         52        512      86990   Object Totals
         0          0         48          0          0          0   (incl. Generated)
         2          0          0          0          0          0   (incl. Padding)

    ----------------------------------------------------------------------

      Code (inc. data)   RO Data    RW Data    ZI Data      Debug   Library Member Name

       516        190          0          0          0       4795   lpc17xx_adc.o
       112         18          0          0          0       1677   lpc17xx_clkpwr.o
       252        110          0          0          0       4591   lpc17xx_gpio.o
         2          0          0          0          0        799   lpc17xx_libcfg_default.o
       140         12          0          0          0       3519   lpc17xx_pinsel.o
      1212        104          0          0          0      14613   lpc17xx_uart.o
       188          0          0          0          0       3986   event_groups.o
        40          8          0          0       1472      15197   freertosappstaticalloc.o
       476         24          0         32      32768      20139   heap_4.o
       148          0          0          0          0       2798   list.o
       382         46          0          4          0      10068   port.o
      1536         14          0          0          0      35028   queue.o
      3468        276          0         60        200      42891   tasks.o
       996         50          0         20        400      11987   timers.o
       360         40          4          8        200       6880   bufferallocation_2.o
      1010         66         38          4         72      13521   freertos_arp.o
       234          0          0          0          0      11082   freertos_dns.o
      2510        194         24         40         80      52179   freertos_ip.o
      1370         76          0          8         40      22416   freertos_sockets.o
       410          0          0          0          0       4426   freertos_stream_buffer.o
      5484         84          0          4          0      37065   freertos_tcp_ip.o
       658         18          0          4          0      10526   freertos_tcp_win.o
       346          6          0         24          0      10369   freertos_udp_ip.o
      1256        132         10          0       5476      10519   lpc17xx_emac.o
       826         52          0          4          0      47568   networkhal.o
         8          0          0          0          0         68   __main.o
       104          0          0          0          0         84   __printf.o
         0          0          0          0          0          0   __rtentry.o
        12          0          0          0          0          0   __rtentry2.o
         6          0          0          0          0          0   __rtentry4.o
        52          8          0          0          0          0   __scatter.o
        26          0          0          0          0          0   __scatter_copy.o
        28          0          0          0          0          0   __scatter_zi.o
        48          6          0          0          0         96   _printf_char_common.o
         6          0          0          0          0          0   _printf_d.o
       120         16          0          0          0         92   _printf_dec.o
       178          0          0          0          0         88   _printf_intcommon.o
         0          0          0          0          0          0   _printf_percent.o
         4          0          0          0          0          0   _printf_percent_end.o
        10          0          0          0          0         68   _sputc.o
        16          0          0          0          0         68   aeabi_memset.o
        18          0          0          0          0         80   exit.o
         6          0          0          0          0        152   heapauxi.o
         0          0          0          0          0          0   indicate_semi.o
         2          0          0          0          0          0   libinit.o
         2          0          0          0          0          0   libinit2.o
         2          0          0          0          0          0   libshutdown.o
         2          0          0          0          0          0   libshutdown2.o
         8          4          0          0         96         68   libspace.o
       238          0          0          0          0        100   lludivv7m.o
        88          0          0          0          0         76   memcmp.o
        40          6          0          0          0         84   noretval__2sprintf.o
        68          0          0          0          0         68   rt_memclr.o
        78          0          0          0          0         80   rt_memclr_w.o
       138          0          0          0          0         68   rt_memcpy_v6.o
       100          0          0          0          0         80   rt_memcpy_w.o
       132          0          0          0          0         68   rt_memmove_v6.o
       122          0          0          0          0         80   rt_memmove_w.o
         2          0          0          0          0          0   rtexit.o
        10          0          0          0          0          0   rtexit2.o
        72          0          0          0          0         80   strcpy.o
        62          0          0          0          0         76   strlen.o
        12          4          0          0          0         68   sys_exit.o
        74          0          0          0          0         80   sys_stackheap_outer.o
         2          0          0          0          0         68   use_no_semi.o

    ----------------------------------------------------------------------
     25868       1564         80        212      40808     400579   Library Totals
        40          0          4          0          4          0   (incl. Padding)

    ----------------------------------------------------------------------

      Code (inc. data)   RO Data    RW Data    ZI Data      Debug   Library Name

      2234        434          0          0          0      29994   CMSIS.lib
      7234        418          0        116      34840     142094   FreeRTOS.lib
     14464        668         76         96       5868     226551   Network.lib
      1896         44          0          0         96       1940   c_w.l

    ----------------------------------------------------------------------
     25868       1564         80        212      40808     400579   Library Totals

    ----------------------------------------------------------------------

==============================================================================


      Code (inc. data)   RO Data    RW Data    ZI Data      Debug   

     27664       1884        332        264      41320     475345   Grand Totals
     27664       1884        332        264      41320     475345   ELF Image Totals
     27664       1884        332        264          0          0   ROM Totals

==============================================================================

    Total RO  Size (Code + RO Data)                27996 (  27.34kB)
    Total RW  Size (RW Data + ZI Data)             41584 (  40.61kB)
    Total ROM Size (Code + RO Data + RW Data)      28260 (  27.60kB)

==============================================================================

